Archive member included to satisfy reference by file (symbol)

c:/program files/microchip/xc8/v2.32/avr/bin/../lib/gcc/avr/5.4.0/avr5/memx-const\libgcc.a(_exit.o)
                              C:/Program Files/Microchip/MPLABX/v5.50/packs/Microchip/ATmega_DFP/2.3.126/xc8/avr/lib/avr5/memx-const/crtatmega32a.o (exit)

Discarded input sections

 .data          0x0000000000000000        0x0 C:/Program Files/Microchip/MPLABX/v5.50/packs/Microchip/ATmega_DFP/2.3.126/xc8/avr/lib/avr5/memx-const/crtatmega32a.o
 .bss           0x0000000000000000        0x0 C:/Program Files/Microchip/MPLABX/v5.50/packs/Microchip/ATmega_DFP/2.3.126/xc8/avr/lib/avr5/memx-const/crtatmega32a.o
 .text          0x0000000000000000        0x0 build/default/production/main.o
 .data          0x0000000000000000        0x0 build/default/production/main.o
 .bss           0x0000000000000000        0x0 build/default/production/main.o
 .text          0x0000000000000000        0x0 build/default/production/DIO.o
 .data          0x0000000000000000        0x0 build/default/production/DIO.o
 .bss           0x0000000000000000        0x0 build/default/production/DIO.o
 .text.setPINA_DIR
                0x0000000000000000       0x3e build/default/production/DIO.o
 .text.setPORTA_DIR
                0x0000000000000000       0x12 build/default/production/DIO.o
 .text.setPORTA
                0x0000000000000000       0x12 build/default/production/DIO.o
 .text.togglePINA
                0x0000000000000000       0x16 build/default/production/DIO.o
 .text.togglePORTA
                0x0000000000000000        0x8 build/default/production/DIO.o
 .text.checkPORTA
                0x0000000000000000        0x4 build/default/production/DIO.o
 .text.setPORTB_DIR
                0x0000000000000000       0x12 build/default/production/DIO.o
 .text.setPORTB
                0x0000000000000000       0x12 build/default/production/DIO.o
 .text.togglePINB
                0x0000000000000000       0x16 build/default/production/DIO.o
 .text.togglePORTB
                0x0000000000000000        0x8 build/default/production/DIO.o
 .text.checkPINB
                0x0000000000000000       0x16 build/default/production/DIO.o
 .text.checkPORTB
                0x0000000000000000        0x4 build/default/production/DIO.o
 .text.setPORTC_DIR
                0x0000000000000000       0x12 build/default/production/DIO.o
 .text.setPORTC
                0x0000000000000000       0x12 build/default/production/DIO.o
 .text.togglePINC
                0x0000000000000000       0x16 build/default/production/DIO.o
 .text.togglePORTC
                0x0000000000000000        0x8 build/default/production/DIO.o
 .text.checkPINC
                0x0000000000000000       0x16 build/default/production/DIO.o
 .text.checkPORTC
                0x0000000000000000        0x4 build/default/production/DIO.o
 .text.setPORTD_DIR
                0x0000000000000000       0x12 build/default/production/DIO.o
 .text.setPORTD
                0x0000000000000000       0x12 build/default/production/DIO.o
 .text.togglePIND
                0x0000000000000000       0x16 build/default/production/DIO.o
 .text.togglePORTD
                0x0000000000000000        0x8 build/default/production/DIO.o
 .text.checkPIND
                0x0000000000000000       0x16 build/default/production/DIO.o
 .text.checkPORTD
                0x0000000000000000        0x4 build/default/production/DIO.o
 .text          0x0000000000000000        0x0 build/default/production/leds.o
 .data          0x0000000000000000        0x0 build/default/production/leds.o
 .bss           0x0000000000000000        0x0 build/default/production/leds.o
 .text.led_tog  0x0000000000000000       0x36 build/default/production/leds.o
 .text.led_tog_all
                0x0000000000000000       0x1a build/default/production/leds.o
 .text          0x0000000000000000        0x0 build/default/production/buttons.o
 .data          0x0000000000000000        0x0 build/default/production/buttons.o
 .bss           0x0000000000000000        0x0 build/default/production/buttons.o
 .text.init_buttons
                0x0000000000000000        0xa build/default/production/buttons.o
 .text.isPressed
                0x0000000000000000        0x8 build/default/production/buttons.o
 .debug_info    0x0000000000000000      0x207 build/default/production/buttons.o
 .debug_abbrev  0x0000000000000000       0x7c build/default/production/buttons.o
 .debug_aranges
                0x0000000000000000       0x28 build/default/production/buttons.o
 .debug_ranges  0x0000000000000000       0x18 build/default/production/buttons.o
 .debug_line    0x0000000000000000       0x60 build/default/production/buttons.o
 .debug_str     0x0000000000000000       0x16 build/default/production/buttons.o
 .comment       0x0000000000000000       0x30 build/default/production/buttons.o
 .debug_frame   0x0000000000000000       0x34 build/default/production/buttons.o
 .text          0x0000000000000000        0x0 build/default/production/keypad.o
 .data          0x0000000000000000        0x0 build/default/production/keypad.o
 .bss           0x0000000000000000        0x0 build/default/production/keypad.o
 .text.init_keypad
                0x0000000000000000       0x64 build/default/production/keypad.o
 .text.keypad_read
                0x0000000000000000       0xf2 build/default/production/keypad.o
 .debug_info    0x0000000000000000      0x5bd build/default/production/keypad.o
 .debug_abbrev  0x0000000000000000      0x12a build/default/production/keypad.o
 .debug_loc     0x0000000000000000       0xcf build/default/production/keypad.o
 .debug_aranges
                0x0000000000000000       0x28 build/default/production/keypad.o
 .debug_ranges  0x0000000000000000       0x18 build/default/production/keypad.o
 .debug_line    0x0000000000000000      0x1f3 build/default/production/keypad.o
 .debug_str     0x0000000000000000       0x17 build/default/production/keypad.o
 .comment       0x0000000000000000       0x30 build/default/production/keypad.o
 .debug_frame   0x0000000000000000       0x34 build/default/production/keypad.o
 .text          0x0000000000000000        0x0 build/default/production/kit_keypad.o
 .data          0x0000000000000000        0x0 build/default/production/kit_keypad.o
 .bss           0x0000000000000000        0x0 build/default/production/kit_keypad.o
 .text.init_kit_keypad
                0x0000000000000000       0x6e build/default/production/kit_keypad.o
 .text.kit_keypad_getNum
                0x0000000000000000      0x170 build/default/production/kit_keypad.o
 .debug_info    0x0000000000000000      0x786 build/default/production/kit_keypad.o
 .debug_abbrev  0x0000000000000000      0x12a build/default/production/kit_keypad.o
 .debug_loc     0x0000000000000000      0x3f1 build/default/production/kit_keypad.o
 .debug_aranges
                0x0000000000000000       0x28 build/default/production/kit_keypad.o
 .debug_ranges  0x0000000000000000       0x18 build/default/production/kit_keypad.o
 .debug_line    0x0000000000000000      0x254 build/default/production/kit_keypad.o
 .debug_str     0x0000000000000000       0x23 build/default/production/kit_keypad.o
 .comment       0x0000000000000000       0x30 build/default/production/kit_keypad.o
 .debug_frame   0x0000000000000000       0x34 build/default/production/kit_keypad.o
 .text          0x0000000000000000        0x0 c:/program files/microchip/xc8/v2.32/avr/bin/../lib/gcc/avr/5.4.0/avr5/memx-const\libgcc.a(_exit.o)
 .data          0x0000000000000000        0x0 c:/program files/microchip/xc8/v2.32/avr/bin/../lib/gcc/avr/5.4.0/avr5/memx-const\libgcc.a(_exit.o)
 .bss           0x0000000000000000        0x0 c:/program files/microchip/xc8/v2.32/avr/bin/../lib/gcc/avr/5.4.0/avr5/memx-const\libgcc.a(_exit.o)
 .text.libgcc.mul
                0x0000000000000000        0x0 c:/program files/microchip/xc8/v2.32/avr/bin/../lib/gcc/avr/5.4.0/avr5/memx-const\libgcc.a(_exit.o)
 .text.libgcc.div
                0x0000000000000000        0x0 c:/program files/microchip/xc8/v2.32/avr/bin/../lib/gcc/avr/5.4.0/avr5/memx-const\libgcc.a(_exit.o)
 .text.libgcc   0x0000000000000000        0x0 c:/program files/microchip/xc8/v2.32/avr/bin/../lib/gcc/avr/5.4.0/avr5/memx-const\libgcc.a(_exit.o)
 .text.libgcc.prologue
                0x0000000000000000        0x0 c:/program files/microchip/xc8/v2.32/avr/bin/../lib/gcc/avr/5.4.0/avr5/memx-const\libgcc.a(_exit.o)
 .stack.descriptors
                0x0000000000000000       0x13 c:/program files/microchip/xc8/v2.32/avr/bin/../lib/gcc/avr/5.4.0/avr5/memx-const\libgcc.a(_exit.o)
 .text.libgcc.builtins
                0x0000000000000000        0x0 c:/program files/microchip/xc8/v2.32/avr/bin/../lib/gcc/avr/5.4.0/avr5/memx-const\libgcc.a(_exit.o)
 .text.libgcc.fmul
                0x0000000000000000        0x0 c:/program files/microchip/xc8/v2.32/avr/bin/../lib/gcc/avr/5.4.0/avr5/memx-const\libgcc.a(_exit.o)
 .text.libgcc.fixed
                0x0000000000000000        0x0 c:/program files/microchip/xc8/v2.32/avr/bin/../lib/gcc/avr/5.4.0/avr5/memx-const\libgcc.a(_exit.o)

Memory Configuration

Name             Origin             Length             Attributes
text             0x0000000000000000 0x0000000000008000 xr
data             0x0000000000800060 0x0000000000000800 rw !x
eeprom           0x0000000000810000 0x0000000000000400 rw !x
fuse             0x0000000000820000 0x0000000000000002 rw !x
lock             0x0000000000830000 0x0000000000000400 rw !x
signature        0x0000000000840000 0x0000000000000400 rw !x
user_signatures  0x0000000000850000 0x0000000000000400 rw !x
*default*        0x0000000000000000 0xffffffffffffffff

Linker script and memory map

LOAD C:/Program Files/Microchip/MPLABX/v5.50/packs/Microchip/ATmega_DFP/2.3.126/xc8/avr/lib/avr5/memx-const/crtatmega32a.o
                0x0000000000000001                __MPLAB_BUILD = 0x1
LOAD build/default/production/main.o
LOAD build/default/production/DIO.o
LOAD build/default/production/leds.o
LOAD build/default/production/buttons.o
LOAD build/default/production/keypad.o
LOAD build/default/production/kit_keypad.o
START GROUP
LOAD c:/program files/microchip/xc8/v2.32/avr/bin/../lib/gcc/avr/5.4.0/../../../../avr/lib/avr5/memx-const\libm.a
END GROUP
START GROUP
LOAD c:/program files/microchip/xc8/v2.32/avr/bin/../lib/gcc/avr/5.4.0/avr5/memx-const\libgcc.a
LOAD c:/program files/microchip/xc8/v2.32/avr/bin/../lib/gcc/avr/5.4.0/../../../../avr/lib/avr5/memx-const\libm.a
LOAD c:/program files/microchip/xc8/v2.32/avr/bin/../lib/gcc/avr/5.4.0/../../../../avr/lib/avr5/memx-const\libc.a
LOAD C:/Program Files/Microchip/MPLABX/v5.50/packs/Microchip/ATmega_DFP/2.3.126/xc8/avr/lib/avr5/memx-const\libatmega32a.a
END GROUP
                [0x0000000000000000]                __TEXT_REGION_ORIGIN__ = DEFINED (__TEXT_REGION_ORIGIN__)?__TEXT_REGION_ORIGIN__:0x0
                [0x0000000000800060]                __DATA_REGION_ORIGIN__ = DEFINED (__DATA_REGION_ORIGIN__)?__DATA_REGION_ORIGIN__:0x800060
                [0x0000000000008000]                __TEXT_REGION_LENGTH__ = DEFINED (__TEXT_REGION_LENGTH__)?__TEXT_REGION_LENGTH__:0x20000
                [0x0000000000000800]                __DATA_REGION_LENGTH__ = DEFINED (__DATA_REGION_LENGTH__)?__DATA_REGION_LENGTH__:0xffa0
                [0x0000000000000400]                __EEPROM_REGION_LENGTH__ = DEFINED (__EEPROM_REGION_LENGTH__)?__EEPROM_REGION_LENGTH__:0x10000
                [0x0000000000000002]                __FUSE_REGION_LENGTH__ = DEFINED (__FUSE_REGION_LENGTH__)?__FUSE_REGION_LENGTH__:0x400
                0x0000000000000400                __LOCK_REGION_LENGTH__ = DEFINED (__LOCK_REGION_LENGTH__)?__LOCK_REGION_LENGTH__:0x400
                0x0000000000000400                __SIGNATURE_REGION_LENGTH__ = DEFINED (__SIGNATURE_REGION_LENGTH__)?__SIGNATURE_REGION_LENGTH__:0x400
                0x0000000000000400                __USER_SIGNATURE_REGION_LENGTH__ = DEFINED (__USER_SIGNATURE_REGION_LENGTH__)?__USER_SIGNATURE_REGION_LENGTH__:0x400

.hash
 *(.hash)

.dynsym
 *(.dynsym)

.dynstr
 *(.dynstr)

.gnu.version
 *(.gnu.version)

.gnu.version_d
 *(.gnu.version_d)

.gnu.version_r
 *(.gnu.version_r)

.rel.init
 *(.rel.init)

.rela.init
 *(.rela.init)

.rel.text
 *(.rel.text)
 *(.rel.text.*)
 *(.rel.gnu.linkonce.t*)

.rela.text
 *(.rela.text)
 *(.rela.text.*)
 *(.rela.gnu.linkonce.t*)

.rel.fini
 *(.rel.fini)

.rela.fini
 *(.rela.fini)

.rel.rodata
 *(.rel.rodata)
 *(.rel.rodata.*)
 *(.rel.gnu.linkonce.r*)

.rela.rodata
 *(.rela.rodata)
 *(.rela.rodata.*)
 *(.rela.gnu.linkonce.r*)

.rel.data
 *(.rel.data)
 *(.rel.data.*)
 *(.rel.gnu.linkonce.d*)

.rela.data
 *(.rela.data)
 *(.rela.data.*)
 *(.rela.gnu.linkonce.d*)

.rel.ctors
 *(.rel.ctors)

.rela.ctors
 *(.rela.ctors)

.rel.dtors
 *(.rel.dtors)

.rela.dtors
 *(.rela.dtors)

.rel.got
 *(.rel.got)

.rela.got
 *(.rela.got)

.rel.bss
 *(.rel.bss)

.rela.bss
 *(.rela.bss)

.rel.plt
 *(.rel.plt)

.rela.plt
 *(.rela.plt)

.text           0x0000000000000000       0x6c
 *(.vectors)
 .vectors       0x0000000000000000       0x54 C:/Program Files/Microchip/MPLABX/v5.50/packs/Microchip/ATmega_DFP/2.3.126/xc8/avr/lib/avr5/memx-const/crtatmega32a.o
                0x0000000000000000                __vector_default
                0x0000000000000000                __vectors
 *(.vectors)
 *(.progmem.gcc*)
 *(.dinit)
 .dinit         0x0000000000000054        0x0 data_init
                0x0000000000000054                . = ALIGN (0x2)
                0x0000000000000054                __trampolines_start = .
 *(.trampolines)
 .trampolines   0x0000000000000054        0x0 linker stubs
 *(.trampolines*)
                0x0000000000000054                __trampolines_end = .
 *libprintf_flt.a:*(.progmem.data)
 *libc.a:*(.progmem.data)
                0x0000000000000054                . = ALIGN (0x2)
 *(.jumptables)
 *(.jumptables*)
 *(.lowtext)
 *(.lowtext*)
                0x0000000000000054                __ctors_start = .
 *(.ctors)
                0x0000000000000054                __ctors_end = .
                0x0000000000000054                __dtors_start = .
 *(.dtors)
                0x0000000000000054                __dtors_end = .
 SORT(*)(.ctors)
 SORT(*)(.dtors)
 *(.init0)
 .init0         0x0000000000000054        0x0 C:/Program Files/Microchip/MPLABX/v5.50/packs/Microchip/ATmega_DFP/2.3.126/xc8/avr/lib/avr5/memx-const/crtatmega32a.o
                0x0000000000000054                __init
 *(.init0)
 *(.init1)
 *(.init1)
 *(.init2)
 .init2         0x0000000000000054        0xc C:/Program Files/Microchip/MPLABX/v5.50/packs/Microchip/ATmega_DFP/2.3.126/xc8/avr/lib/avr5/memx-const/crtatmega32a.o
 *(.init2)
 *(.init3)
 *(.init3)
 *(.init4)
 *(.init4)
 *(.init5)
 *(.init5)
 *(.init6)
 *(.init6)
 *(.init7)
 *(.init7)
 *(.init8)
 *(.init8)
 *(.init9)
 .init9         0x0000000000000060        0x8 C:/Program Files/Microchip/MPLABX/v5.50/packs/Microchip/ATmega_DFP/2.3.126/xc8/avr/lib/avr5/memx-const/crtatmega32a.o
 *(.init9)
                0x0000000000000068                . = ALIGN (0x2)
 *(.fini9)
 .fini9         0x0000000000000068        0x0 c:/program files/microchip/xc8/v2.32/avr/bin/../lib/gcc/avr/5.4.0/avr5/memx-const\libgcc.a(_exit.o)
                0x0000000000000068                _exit
                0x0000000000000068                exit
 *(.fini9)
 *(.fini8)
 *(.fini8)
 *(.fini7)
 *(.fini7)
 *(.fini6)
 *(.fini6)
 *(.fini5)
 *(.fini5)
 *(.fini4)
 *(.fini4)
 *(.fini3)
 *(.fini3)
 *(.fini2)
 *(.fini2)
 *(.fini1)
 *(.fini1)
 *(.fini0)
 .fini0         0x0000000000000068        0x4 c:/program files/microchip/xc8/v2.32/avr/bin/../lib/gcc/avr/5.4.0/avr5/memx-const\libgcc.a(_exit.o)
 *(.fini0)
                0x000000000000006c                _etext = .

.data           0x0000000000800060        0x0 load address 0x000000000000006c
                [!provide]                        PROVIDE (__data_start, .)
 *(.gnu.linkonce.d*)
 *(.gnu.linkonce.r*)
                0x0000000000800060                . = ALIGN (0x2)
                0x0000000000800060                _edata = .
                [!provide]                        PROVIDE (__data_end, .)

.bss            0x0000000000800060        0x0
                [!provide]                        PROVIDE (__bss_start, .)
 *(COMMON)
                [!provide]                        PROVIDE (__bss_end, .)
                0x000000000000006c                __data_load_start = LOADADDR (.data)
                0x000000000000006c                __data_load_end = (__data_load_start + SIZEOF (.data))

.noinit         0x0000000000800060        0x0
                [!provide]                        PROVIDE (__noinit_start, .)
 *(.noinit*)
                [!provide]                        PROVIDE (__noinit_end, .)
                0x0000000000800060                _end = .

.eeprom         0x0000000000810000        0x0
 *(.eeprom*)
                0x0000000000810000                __eeprom_end = .

.fuse
 *(.fuse)
 *(.lfuse)
 *(.hfuse)
 *(.efuse)

.lock
 *(.lock*)

.signature
 *(.signature*)

.user_signatures
 *(.user_signatures*)

.stab
 *(.stab)

.stabstr
 *(.stabstr)

.stab.excl
 *(.stab.excl)

.stab.exclstr
 *(.stab.exclstr)

.stab.index
 *(.stab.index)

.stab.indexstr
 *(.stab.indexstr)

.comment        0x0000000000000000       0x2f
 *(.comment)
 .comment       0x0000000000000000       0x2f build/default/production/main.o
                                         0x30 (size before relaxing)
 .comment       0x000000000000002f       0x30 build/default/production/DIO.o
 .comment       0x000000000000002f       0x30 build/default/production/leds.o

.stack.descriptors.hdr
                0x0000000000000000        0xe
 .stack.descriptors.hdr
                0x0000000000000000        0xe c:/program files/microchip/xc8/v2.32/avr/bin/../lib/gcc/avr/5.4.0/avr5/memx-const\libgcc.a(_exit.o)

.note.gnu.build-id
 *(.note.gnu.build-id)

.debug
 *(.debug)

.line
 *(.line)

.debug_srcinfo
 *(.debug_srcinfo)

.debug_sfnames
 *(.debug_sfnames)

.debug_aranges  0x0000000000000000      0x188
 *(.debug_aranges)
 .debug_aranges
                0x0000000000000000       0x20 build/default/production/main.o
 .debug_aranges
                0x0000000000000020      0x118 build/default/production/DIO.o
 .debug_aranges
                0x0000000000000138       0x50 build/default/production/leds.o

.debug_pubnames
 *(.debug_pubnames)

.debug_info     0x0000000000000000     0x15f3
 *(.debug_info .gnu.linkonce.wi.*)
 .debug_info    0x0000000000000000      0x4e6 C:/Program Files/Microchip/MPLABX/v5.50/packs/Microchip/ATmega_DFP/2.3.126/xc8/avr/lib/avr5/memx-const/crtatmega32a.o
 .debug_info    0x00000000000004e6      0x369 build/default/production/main.o
 .debug_info    0x000000000000084f      0x7eb build/default/production/DIO.o
 .debug_info    0x000000000000103a      0x5b9 build/default/production/leds.o

.debug_abbrev   0x0000000000000000      0x7de
 *(.debug_abbrev)
 .debug_abbrev  0x0000000000000000      0x4a3 C:/Program Files/Microchip/MPLABX/v5.50/packs/Microchip/ATmega_DFP/2.3.126/xc8/avr/lib/avr5/memx-const/crtatmega32a.o
 .debug_abbrev  0x00000000000004a3      0x104 build/default/production/main.o
 .debug_abbrev  0x00000000000005a7      0x132 build/default/production/DIO.o
 .debug_abbrev  0x00000000000006d9      0x105 build/default/production/leds.o

.debug_line     0x0000000000000000      0x829
 *(.debug_line .debug_line.* .debug_line_end)
 .debug_line    0x0000000000000000      0x119 C:/Program Files/Microchip/MPLABX/v5.50/packs/Microchip/ATmega_DFP/2.3.126/xc8/avr/lib/avr5/memx-const/crtatmega32a.o
 .debug_line    0x0000000000000119       0xf4 build/default/production/main.o
 .debug_line    0x000000000000020d      0x48e build/default/production/DIO.o
 .debug_line    0x000000000000069b      0x18e build/default/production/leds.o

.debug_frame    0x0000000000000000      0x2bc
 *(.debug_frame)
 .debug_frame   0x0000000000000000       0x24 build/default/production/main.o
 .debug_frame   0x0000000000000024      0x214 build/default/production/DIO.o
 .debug_frame   0x0000000000000238       0x84 build/default/production/leds.o

.debug_str      0x0000000000000000      0x235
 *(.debug_str)
 .debug_str     0x0000000000000000      0x196 C:/Program Files/Microchip/MPLABX/v5.50/packs/Microchip/ATmega_DFP/2.3.126/xc8/avr/lib/avr5/memx-const/crtatmega32a.o
 .debug_str     0x0000000000000196       0x2b build/default/production/main.o
 .debug_str     0x00000000000001c1       0x28 build/default/production/DIO.o
 .debug_str     0x00000000000001e9       0x4c build/default/production/leds.o

.debug_loc      0x0000000000000000      0x718
 *(.debug_loc)
 .debug_loc     0x0000000000000000      0x584 build/default/production/DIO.o
 .debug_loc     0x0000000000000584      0x194 build/default/production/leds.o

.debug_macinfo
 *(.debug_macinfo)

.debug_weaknames
 *(.debug_weaknames)

.debug_funcnames
 *(.debug_funcnames)

.debug_typenames
 *(.debug_typenames)

.debug_varnames
 *(.debug_varnames)

.debug_pubtypes
 *(.debug_pubtypes)

.debug_ranges   0x0000000000000000      0x158
 *(.debug_ranges)
 .debug_ranges  0x0000000000000000       0x10 build/default/production/main.o
 .debug_ranges  0x0000000000000010      0x108 build/default/production/DIO.o
 .debug_ranges  0x0000000000000118       0x40 build/default/production/leds.o

.debug_macro
 *(.debug_macro)
OUTPUT(dist/default/production/Alex60.X.production.elf elf32-avr)
LOAD linker stubs
LOAD data_init

.note.gnu.avr.deviceinfo
                0x0000000000000000       0x3c
 .note.gnu.avr.deviceinfo
                0x0000000000000000       0x3c C:/Program Files/Microchip/MPLABX/v5.50/packs/Microchip/ATmega_DFP/2.3.126/xc8/avr/lib/avr5/memx-const/crtatmega32a.o

.text.setPINA   0x000000000000006c       0x3e
 .text.setPINA  0x000000000000006c       0x3e build/default/production/DIO.o
                0x000000000000006c                setPINA

.text.setPINB_DIR
                0x00000000000000aa       0x3e
 .text.setPINB_DIR
                0x00000000000000aa       0x3e build/default/production/DIO.o
                0x00000000000000aa                setPINB_DIR

.text.setPINB   0x00000000000000e8       0x3e
 .text.setPINB  0x00000000000000e8       0x3e build/default/production/DIO.o
                0x00000000000000e8                setPINB

.text.setPINC_DIR
                0x0000000000000126       0x3e
 .text.setPINC_DIR
                0x0000000000000126       0x3e build/default/production/DIO.o
                0x0000000000000126                setPINC_DIR

.text.setPINC   0x0000000000000164       0x3e
 .text.setPINC  0x0000000000000164       0x3e build/default/production/DIO.o
                0x0000000000000164                setPINC

.text.setPIND_DIR
                0x00000000000001a2       0x3e
 .text.setPIND_DIR
                0x00000000000001a2       0x3e build/default/production/DIO.o
                0x00000000000001a2                setPIND_DIR

.text.setPIND   0x00000000000001e0       0x3e
 .text.setPIND  0x00000000000001e0       0x3e build/default/production/DIO.o
                0x00000000000001e0                setPIND

.text.led_on    0x000000000000021e       0x3e
 .text.led_on   0x000000000000021e       0x3e build/default/production/leds.o
                0x000000000000021e                led_on

.text.led_off   0x000000000000025c       0x3e
 .text.led_off  0x000000000000025c       0x3e build/default/production/leds.o
                0x000000000000025c                led_off

.text.main      0x000000000000029a       0x2e
 .text.main     0x000000000000029a       0x2e build/default/production/main.o
                0x000000000000029a                main

.text.init_LEDS
                0x00000000000002c8       0x22
 .text.init_LEDS
                0x00000000000002c8       0x22 build/default/production/leds.o
                0x00000000000002c8                init_LEDS

.text.led_on_all
                0x00000000000002ea       0x1a
 .text.led_on_all
                0x00000000000002ea       0x1a build/default/production/leds.o
                0x00000000000002ea                led_on_all

.text.led_off_all
                0x0000000000000304       0x1a
 .text.led_off_all
                0x0000000000000304       0x1a build/default/production/leds.o
                0x0000000000000304                led_off_all

.text.checkPINA
                0x000000000000031e       0x16
 .text.checkPINA
                0x000000000000031e       0x16 build/default/production/DIO.o
                0x000000000000031e                checkPINA

.text           0x0000000000000334        0x4
 .text          0x0000000000000334        0x4 C:/Program Files/Microchip/MPLABX/v5.50/packs/Microchip/ATmega_DFP/2.3.126/xc8/avr/lib/avr5/memx-const/crtatmega32a.o
                0x0000000000000334                __vector_1
                0x0000000000000334                __vector_12
                0x0000000000000334                __bad_interrupt
                0x0000000000000334                __vector_6
                0x0000000000000334                __vector_3
                0x0000000000000334                __vector_11
                0x0000000000000334                __vector_13
                0x0000000000000334                __vector_17
                0x0000000000000334                __vector_19
                0x0000000000000334                __vector_7
                0x0000000000000334                __vector_5
                0x0000000000000334                __vector_4
                0x0000000000000334                __vector_9
                0x0000000000000334                __vector_2
                0x0000000000000334                __vector_15
                0x0000000000000334                __vector_8
                0x0000000000000334                __vector_14
                0x0000000000000334                __vector_10
                0x0000000000000334                __vector_16
                0x0000000000000334                __vector_18
                0x0000000000000334                __vector_20
