Archive member included to satisfy reference by file (symbol)

c:/program files/microchip/xc8/v2.32/avr/bin/../lib/gcc/avr/5.4.0/../../../../avr/lib/avr5/memx-const\libm.a(addsf3.o)
                              build/default/production/UART.o (__subsf3)
c:/program files/microchip/xc8/v2.32/avr/bin/../lib/gcc/avr/5.4.0/../../../../avr/lib/avr5/memx-const\libm.a(addsf3x.o)
                              c:/program files/microchip/xc8/v2.32/avr/bin/../lib/gcc/avr/5.4.0/../../../../avr/lib/avr5/memx-const\libm.a(addsf3.o) (__addsf3x)
c:/program files/microchip/xc8/v2.32/avr/bin/../lib/gcc/avr/5.4.0/../../../../avr/lib/avr5/memx-const\libm.a(divsf3.o)
                              build/default/production/lm35.o (__divsf3)
c:/program files/microchip/xc8/v2.32/avr/bin/../lib/gcc/avr/5.4.0/../../../../avr/lib/avr5/memx-const\libm.a(divsf3x.o)
                              c:/program files/microchip/xc8/v2.32/avr/bin/../lib/gcc/avr/5.4.0/../../../../avr/lib/avr5/memx-const\libm.a(divsf3.o) (__divsf3x)
c:/program files/microchip/xc8/v2.32/avr/bin/../lib/gcc/avr/5.4.0/../../../../avr/lib/avr5/memx-const\libm.a(fixsfsi.o)
                              build/default/production/ADC.o (__fixsfsi)
c:/program files/microchip/xc8/v2.32/avr/bin/../lib/gcc/avr/5.4.0/../../../../avr/lib/avr5/memx-const\libm.a(fixunssfsi.o)
                              c:/program files/microchip/xc8/v2.32/avr/bin/../lib/gcc/avr/5.4.0/../../../../avr/lib/avr5/memx-const\libm.a(fixsfsi.o) (__fixunssfsi)
c:/program files/microchip/xc8/v2.32/avr/bin/../lib/gcc/avr/5.4.0/../../../../avr/lib/avr5/memx-const\libm.a(floatsisf.o)
                              build/default/production/ADC.o (__floatunsisf)
c:/program files/microchip/xc8/v2.32/avr/bin/../lib/gcc/avr/5.4.0/../../../../avr/lib/avr5/memx-const\libm.a(fp_inf.o)
                              c:/program files/microchip/xc8/v2.32/avr/bin/../lib/gcc/avr/5.4.0/../../../../avr/lib/avr5/memx-const\libm.a(addsf3x.o) (__fp_inf)
c:/program files/microchip/xc8/v2.32/avr/bin/../lib/gcc/avr/5.4.0/../../../../avr/lib/avr5/memx-const\libm.a(fp_nan.o)
                              c:/program files/microchip/xc8/v2.32/avr/bin/../lib/gcc/avr/5.4.0/../../../../avr/lib/avr5/memx-const\libm.a(addsf3x.o) (__fp_nan)
c:/program files/microchip/xc8/v2.32/avr/bin/../lib/gcc/avr/5.4.0/../../../../avr/lib/avr5/memx-const\libm.a(fp_pscA.o)
                              c:/program files/microchip/xc8/v2.32/avr/bin/../lib/gcc/avr/5.4.0/../../../../avr/lib/avr5/memx-const\libm.a(addsf3x.o) (__fp_pscA)
c:/program files/microchip/xc8/v2.32/avr/bin/../lib/gcc/avr/5.4.0/../../../../avr/lib/avr5/memx-const\libm.a(fp_pscB.o)
                              c:/program files/microchip/xc8/v2.32/avr/bin/../lib/gcc/avr/5.4.0/../../../../avr/lib/avr5/memx-const\libm.a(addsf3x.o) (__fp_pscB)
c:/program files/microchip/xc8/v2.32/avr/bin/../lib/gcc/avr/5.4.0/../../../../avr/lib/avr5/memx-const\libm.a(fp_round.o)
                              c:/program files/microchip/xc8/v2.32/avr/bin/../lib/gcc/avr/5.4.0/../../../../avr/lib/avr5/memx-const\libm.a(addsf3.o) (__fp_round)
c:/program files/microchip/xc8/v2.32/avr/bin/../lib/gcc/avr/5.4.0/../../../../avr/lib/avr5/memx-const\libm.a(fp_split3.o)
                              c:/program files/microchip/xc8/v2.32/avr/bin/../lib/gcc/avr/5.4.0/../../../../avr/lib/avr5/memx-const\libm.a(addsf3x.o) (__fp_split3)
c:/program files/microchip/xc8/v2.32/avr/bin/../lib/gcc/avr/5.4.0/../../../../avr/lib/avr5/memx-const\libm.a(fp_zero.o)
                              c:/program files/microchip/xc8/v2.32/avr/bin/../lib/gcc/avr/5.4.0/../../../../avr/lib/avr5/memx-const\libm.a(addsf3x.o) (__fp_zero)
c:/program files/microchip/xc8/v2.32/avr/bin/../lib/gcc/avr/5.4.0/../../../../avr/lib/avr5/memx-const\libm.a(mulsf3.o)
                              build/default/production/ADC.o (__mulsf3)
c:/program files/microchip/xc8/v2.32/avr/bin/../lib/gcc/avr/5.4.0/../../../../avr/lib/avr5/memx-const\libm.a(mulsf3x.o)
                              c:/program files/microchip/xc8/v2.32/avr/bin/../lib/gcc/avr/5.4.0/../../../../avr/lib/avr5/memx-const\libm.a(mulsf3.o) (__mulsf3x)
c:/program files/microchip/xc8/v2.32/avr/bin/../lib/gcc/avr/5.4.0/avr5/memx-const\libgcc.a(_udivmodhi4.o)
                              build/default/production/freertos/heap_4.o (__udivmodhi4)
c:/program files/microchip/xc8/v2.32/avr/bin/../lib/gcc/avr/5.4.0/avr5/memx-const\libgcc.a(_exit.o)
                              C:/Program Files/Microchip/MPLABX/v5.50/packs/Microchip/ATmega_DFP/2.3.126/xc8/avr/lib/avr5/memx-const/crtatmega32a.o (exit)
c:/program files/microchip/xc8/v2.32/avr/bin/../lib/gcc/avr/5.4.0/avr5/memx-const\libgcc.a(_copy_data.o)
                              build/default/production/_7seg.o (__do_copy_data)
c:/program files/microchip/xc8/v2.32/avr/bin/../lib/gcc/avr/5.4.0/avr5/memx-const\libgcc.a(_xload_2.o)
                              build/default/production/freertos/event_groups.o (__xload_2)
[...]
Memory Configuration

Name             Origin             Length             Attributes
text             0x0000000000000000 0x0000000000008000 xr
data             0x0000000000800060 0x0000000000000800 rw !x
eeprom           0x0000000000810000 0x0000000000000400 rw !x
fuse             0x0000000000820000 0x0000000000000002 rw !x
lock             0x0000000000830000 0x0000000000000400 rw !x
signature        0x0000000000840000 0x0000000000000400 rw !x
user_signatures  0x0000000000850000 0x0000000000000400 rw !x
*default*        0x0000000000000000 0xffffffffffffffff

Linker script and memory map

LOAD C:/Program Files/Microchip/MPLABX/v5.50/packs/Microchip/ATmega_DFP/2.3.126/xc8/avr/lib/avr5/memx-const/crtatmega32a.o
                0x0000000000000001                __MPLAB_BUILD = 0x1
LOAD build/default/production/main.o
LOAD build/default/production/DIO.o
LOAD build/default/production/leds.o
LOAD build/default/production/buttons.o
LOAD build/default/production/keypad.o
LOAD build/default/production/kit_keypad.o
LOAD build/default/production/_7seg.o
LOAD build/default/production/mlcd8.o
LOAD build/default/production/mlcd4.o
LOAD build/default/production/ADC.o
LOAD build/default/production/lm35.o
LOAD build/default/production/TIMER0.o
LOAD build/default/production/EXT_INT.o
LOAD build/default/production/TIMER2.o
LOAD build/default/production/TIMER1.o
LOAD build/default/production/UART.o
LOAD build/default/production/TWI.o
LOAD build/default/production/SPI.o
LOAD build/default/production/MEM.o
LOAD build/default/production/freertos/croutine.o
LOAD build/default/production/freertos/event_groups.o
LOAD build/default/production/freertos/heap_4.o
LOAD build/default/production/freertos/list.o
LOAD build/default/production/freertos/port.o
LOAD build/default/production/freertos/queue.o
LOAD build/default/production/freertos/stream_buffer.o
LOAD build/default/production/freertos/tasks.o
LOAD build/default/production/freertos/timers.o
START GROUP
LOAD c:/program files/microchip/xc8/v2.32/avr/bin/../lib/gcc/avr/5.4.0/../../../../avr/lib/avr5/memx-const\libm.a
END GROUP
START GROUP
LOAD c:/program files/microchip/xc8/v2.32/avr/bin/../lib/gcc/avr/5.4.0/avr5/memx-const\libgcc.a
LOAD c:/program files/microchip/xc8/v2.32/avr/bin/../lib/gcc/avr/5.4.0/../../../../avr/lib/avr5/memx-const\libm.a
LOAD c:/program files/microchip/xc8/v2.32/avr/bin/../lib/gcc/avr/5.4.0/../../../../avr/lib/avr5/memx-const\libc.a
LOAD C:/Program Files/Microchip/MPLABX/v5.50/packs/Microchip/ATmega_DFP/2.3.126/xc8/avr/lib/avr5/memx-const\libatmega32a.a
END GROUP
                [0x0000000000000000]                __TEXT_REGION_ORIGIN__ = DEFINED (__TEXT_REGION_ORIGIN__)?__TEXT_REGION_ORIGIN__:0x0
                [0x0000000000800060]                __DATA_REGION_ORIGIN__ = DEFINED (__DATA_REGION_ORIGIN__)?__DATA_REGION_ORIGIN__:0x800060
                [0x0000000000008000]                __TEXT_REGION_LENGTH__ = DEFINED (__TEXT_REGION_LENGTH__)?__TEXT_REGION_LENGTH__:0x20000
                [0x0000000000000800]                __DATA_REGION_LENGTH__ = DEFINED (__DATA_REGION_LENGTH__)?__DATA_REGION_LENGTH__:0xffa0
                [0x0000000000000400]                __EEPROM_REGION_LENGTH__ = DEFINED (__EEPROM_REGION_LENGTH__)?__EEPROM_REGION_LENGTH__:0x10000
                [0x0000000000000002]                __FUSE_REGION_LENGTH__ = DEFINED (__FUSE_REGION_LENGTH__)?__FUSE_REGION_LENGTH__:0x400
                0x0000000000000400                __LOCK_REGION_LENGTH__ = DEFINED (__LOCK_REGION_LENGTH__)?__LOCK_REGION_LENGTH__:0x400
                0x0000000000000400                __SIGNATURE_REGION_LENGTH__ = DEFINED (__SIGNATURE_REGION_LENGTH__)?__SIGNATURE_REGION_LENGTH__:0x400
                0x0000000000000400                __USER_SIGNATURE_REGION_LENGTH__ = DEFINED (__USER_SIGNATURE_REGION_LENGTH__)?__USER_SIGNATURE_REGION_LENGTH__:0x400

.hash
 *(.hash)

.dynsym
 *(.dynsym)

.dynstr
 *(.dynstr)

.gnu.version
 *(.gnu.version)

.gnu.version_d
 *(.gnu.version_d)

.gnu.version_r
 *(.gnu.version_r)

.rel.init
 *(.rel.init)

.rela.init
 *(.rela.init)

.rel.text
 *(.rel.text)
 *(.rel.text.*)
 *(.rel.gnu.linkonce.t*)

.rela.text
 *(.rela.text)
 *(.rela.text.*)
 *(.rela.gnu.linkonce.t*)

.rel.fini
 *(.rel.fini)

.rela.fini
 *(.rela.fini)

.rel.rodata
 *(.rel.rodata)
 *(.rel.rodata.*)
 *(.rel.gnu.linkonce.r*)

.rela.rodata
 *(.rela.rodata)
 *(.rela.rodata.*)
 *(.rela.gnu.linkonce.r*)

.rel.data
 *(.rel.data)
 *(.rel.data.*)
 *(.rel.gnu.linkonce.d*)

.rela.data
 *(.rela.data)
 *(.rela.data.*)
 *(.rela.gnu.linkonce.d*)

.rel.ctors
 *(.rel.ctors)

.rela.ctors
 *(.rela.ctors)

.rel.dtors
 *(.rel.dtors)

.rela.dtors
 *(.rela.dtors)

.rel.got
 *(.rel.got)

.rela.got
 *(.rela.got)

.rel.bss
 *(.rel.bss)

.rela.bss
 *(.rela.bss)

.rel.plt
 *(.rel.plt)

.rela.plt
 *(.rela.plt)

.text           0x0000000000000000       0xae
 *(.vectors)
 .vectors       0x0000000000000000       0x54 C:/Program Files/Microchip/MPLABX/v5.50/packs/Microchip/ATmega_DFP/2.3.126/xc8/avr/lib/avr5/memx-const/crtatmega32a.o
                0x0000000000000000                __vector_default
                0x0000000000000000                __vectors
 *(.vectors)
 *(.progmem.gcc*)
 *(.dinit)
 .dinit         0x0000000000000054        0x5 data_init
                0x000000000000005a                . = ALIGN (0x2)
 *fill*         0x0000000000000059        0x1 
                0x000000000000005a                __trampolines_start = .
 *(.trampolines)
 .trampolines   0x000000000000005a        0x0 linker stubs
 *(.trampolines*)
                0x000000000000005a                __trampolines_end = .
 *libprintf_flt.a:*(.progmem.data)
 *libc.a:*(.progmem.data)
                0x000000000000005a                . = ALIGN (0x2)
 *(.jumptables)
 *(.jumptables*)
 *(.lowtext)
 *(.lowtext*)
                0x000000000000005a                __ctors_start = .
 *(.ctors)
                0x000000000000005a                __ctors_end = .
                0x000000000000005a                __dtors_start = .
 *(.dtors)
                0x000000000000005a                __dtors_end = .
 SORT(*)(.ctors)
 SORT(*)(.dtors)
 *(.init0)
 .init0         0x000000000000005a        0x0 C:/Program Files/Microchip/MPLABX/v5.50/packs/Microchip/ATmega_DFP/2.3.126/xc8/avr/lib/avr5/memx-const/crtatmega32a.o
                0x000000000000005a                __init
 *(.init0)
 *(.init1)
 *(.init1)
 *(.init2)
 .init2         0x000000000000005a        0xc C:/Program Files/Microchip/MPLABX/v5.50/packs/Microchip/ATmega_DFP/2.3.126/xc8/avr/lib/avr5/memx-const/crtatmega32a.o
 *(.init2)
 *(.init3)
 *(.init3)
 *(.init4)
 .init4         0x0000000000000066       0x3c c:/program files/microchip/xc8/v2.32/avr/bin/../lib/gcc/avr/5.4.0/avr5/memx-const\libgcc.a(_copy_data.o)
                0x0000000000000066                __do_copy_data
                0x0000000000000094                __do_clear_bss
 *(.init4)
 *(.init5)
 *(.init5)
 *(.init6)
 *(.init6)
 *(.init7)
 *(.init7)
 *(.init8)
 *(.init8)
 *(.init9)
 .init9         0x00000000000000a2        0x8 C:/Program Files/Microchip/MPLABX/v5.50/packs/Microchip/ATmega_DFP/2.3.126/xc8/avr/lib/avr5/memx-const/crtatmega32a.o
 *(.init9)
                0x00000000000000aa                . = ALIGN (0x2)
 *(.fini9)
 .fini9         0x00000000000000aa        0x0 c:/program files/microchip/xc8/v2.32/avr/bin/../lib/gcc/avr/5.4.0/avr5/memx-const\libgcc.a(_exit.o)
                0x00000000000000aa                _exit
                0x00000000000000aa                exit
 *(.fini9)
 *(.fini8)
 *(.fini8)
 *(.fini7)
 *(.fini7)
 *(.fini6)
 *(.fini6)
 *(.fini5)
 *(.fini5)
 *(.fini4)
 *(.fini4)
 *(.fini3)
 *(.fini3)
 *(.fini2)
 *(.fini2)
 *(.fini1)
 *(.fini1)
 *(.fini0)
 .fini0         0x00000000000000aa        0x4 c:/program files/microchip/xc8/v2.32/avr/bin/../lib/gcc/avr/5.4.0/avr5/memx-const\libgcc.a(_exit.o)
 *(.fini0)
                0x00000000000000ae                _etext = .

.data           0x0000000000800060        0x0 load address 0x00000000000000ae
                [!provide]                        PROVIDE (__data_start, .)
 *(.gnu.linkonce.d*)
 *(.gnu.linkonce.r*)
                0x0000000000800060                . = ALIGN (0x2)
                0x0000000000800060                _edata = .
                [!provide]                        PROVIDE (__data_end, .)

.bss            0x0000000000800060        0x0
                [!provide]                        PROVIDE (__bss_start, .)
 *(COMMON)
                [!provide]                        PROVIDE (__bss_end, .)
                0x00000000000000ae                __data_load_start = LOADADDR (.data)
                0x00000000000000ae                __data_load_end = (__data_load_start + SIZEOF (.data))

.noinit         0x0000000000800060        0x0
                [!provide]                        PROVIDE (__noinit_start, .)
 *(.noinit*)
                [!provide]                        PROVIDE (__noinit_end, .)
                0x0000000000800060                _end = .

.eeprom         0x0000000000810000        0x0
 *(.eeprom*)
                0x0000000000810000                __eeprom_end = .

.fuse
 *(.fuse)
 *(.lfuse)
 *(.hfuse)
 *(.efuse)

.lock
 *(.lock*)

.signature
 *(.signature*)

.user_signatures
 *(.user_signatures*)

.stab
 *(.stab)

.stabstr
 *(.stabstr)

.stab.excl
 *(.stab.excl)

.stab.exclstr
 *(.stab.exclstr)

.stab.index
 *(.stab.index)

.stab.indexstr
 *(.stab.indexstr)

.comment        0x0000000000000000       0x2f
 *(.comment)
 .comment       0x0000000000000000       0x2f build/default/production/main.o
                                         0x30 (size before relaxing)
 .comment       0x000000000000002f       0x30 build/default/production/mlcd4.o
 .comment       0x000000000000002f       0x30 build/default/production/UART.o
 .comment       0x000000000000002f       0x30 build/default/production/freertos/heap_4.o
 .comment       0x000000000000002f       0x30 build/default/production/freertos/list.o
 .comment       0x000000000000002f       0x30 build/default/production/freertos/port.o
 .comment       0x000000000000002f       0x30 build/default/production/freertos/tasks.o

.stack.descriptors.hdr
                0x0000000000000000       0xd2
 .stack.descriptors.hdr
                0x0000000000000000        0xe c:/program files/microchip/xc8/v2.32/avr/bin/../lib/gcc/avr/5.4.0/../../../../avr/lib/avr5/memx-const\libm.a(addsf3.o)
 .stack.descriptors.hdr
                0x000000000000000e        0xe c:/program files/microchip/xc8/v2.32/avr/bin/../lib/gcc/avr/5.4.0/../../../../avr/lib/avr5/memx-const\libm.a(addsf3x.o)
 .stack.descriptors.hdr
                0x000000000000001c        0xe c:/program files/microchip/xc8/v2.32/avr/bin/../lib/gcc/avr/5.4.0/../../../../avr/lib/avr5/memx-const\libm.a(divsf3.o)
 .stack.descriptors.hdr
                0x000000000000002a        0xe c:/program files/microchip/xc8/v2.32/avr/bin/../lib/gcc/avr/5.4.0/../../../../avr/lib/avr5/memx-const\libm.a(divsf3x.o)
 .stack.descriptors.hdr
                0x0000000000000038        0xe c:/program files/microchip/xc8/v2.32/avr/bin/../lib/gcc/avr/5.4.0/../../../../avr/lib/avr5/memx-const\libm.a(fixsfsi.o)
 .stack.descriptors.hdr
                0x0000000000000046        0xe c:/program files/microchip/xc8/v2.32/avr/bin/../lib/gcc/avr/5.4.0/../../../../avr/lib/avr5/memx-const\libm.a(fixunssfsi.o)
 .stack.descriptors.hdr
                0x0000000000000054        0xe c:/program files/microchip/xc8/v2.32/avr/bin/../lib/gcc/avr/5.4.0/../../../../avr/lib/avr5/memx-const\libm.a(floatsisf.o)
 .stack.descriptors.hdr
                0x0000000000000062        0xe c:/program files/microchip/xc8/v2.32/avr/bin/../lib/gcc/avr/5.4.0/../../../../avr/lib/avr5/memx-const\libm.a(fp_inf.o)
 .stack.descriptors.hdr
                0x0000000000000070        0xe c:/program files/microchip/xc8/v2.32/avr/bin/../lib/gcc/avr/5.4.0/../../../../avr/lib/avr5/memx-const\libm.a(fp_nan.o)
 .stack.descriptors.hdr
                0x000000000000007e        0xe c:/program files/microchip/xc8/v2.32/avr/bin/../lib/gcc/avr/5.4.0/../../../../avr/lib/avr5/memx-const\libm.a(fp_pscA.o)
 .stack.descriptors.hdr
                0x000000000000008c        0xe c:/program files/microchip/xc8/v2.32/avr/bin/../lib/gcc/avr/5.4.0/../../../../avr/lib/avr5/memx-const\libm.a(fp_pscB.o)
 .stack.descriptors.hdr
                0x000000000000009a        0xe c:/program files/microchip/xc8/v2.32/avr/bin/../lib/gcc/avr/5.4.0/../../../../avr/lib/avr5/memx-const\libm.a(fp_round.o)
 .stack.descriptors.hdr
                0x00000000000000a8        0xe c:/program files/microchip/xc8/v2.32/avr/bin/../lib/gcc/avr/5.4.0/../../../../avr/lib/avr5/memx-const\libm.a(fp_split3.o)
 .stack.descriptors.hdr
                0x00000000000000b6        0xe c:/program files/microchip/xc8/v2.32/avr/bin/../lib/gcc/avr/5.4.0/../../../../avr/lib/avr5/memx-const\libm.a(fp_zero.o)
 .stack.descriptors.hdr
                0x00000000000000c4        0xe c:/program files/microchip/xc8/v2.32/avr/bin/../lib/gcc/avr/5.4.0/avr5/memx-const\libgcc.a(_exit.o)

.note.gnu.build-id
 *(.note.gnu.build-id)

.debug
 *(.debug)

.line
 *(.line)

.debug_srcinfo
 *(.debug_srcinfo)

.debug_sfnames
 *(.debug_sfnames)

.debug_aranges  0x0000000000000000      0x2d8
 *(.debug_aranges)
 .debug_aranges
                0x0000000000000000       0x30 build/default/production/main.o
 .debug_aranges
                0x0000000000000030       0x50 build/default/production/mlcd4.o
 .debug_aranges
                0x0000000000000080       0x30 build/default/production/UART.o
 .debug_aranges
                0x00000000000000b0       0x58 build/default/production/freertos/heap_4.o
 .debug_aranges
                0x0000000000000108       0x40 build/default/production/freertos/list.o
 .debug_aranges
                0x0000000000000148       0x48 build/default/production/freertos/port.o
 .debug_aranges
                0x0000000000000190      0x148 build/default/production/freertos/tasks.o

.debug_pubnames
 *(.debug_pubnames)

.debug_info     0x0000000000000000     0x4b45
 *(.debug_info .gnu.linkonce.wi.*)
 .debug_info    0x0000000000000000      0x4e6 C:/Program Files/Microchip/MPLABX/v5.50/packs/Microchip/ATmega_DFP/2.3.126/xc8/avr/lib/avr5/memx-const/crtatmega32a.o
 .debug_info    0x00000000000004e6      0x554 build/default/production/main.o
 .debug_info    0x0000000000000a3a      0x5c7 build/default/production/mlcd4.o
 .debug_info    0x0000000000001001      0x2b6 build/default/production/UART.o
 .debug_info    0x00000000000012b7      0x8f8 build/default/production/freertos/heap_4.o
 .debug_info    0x0000000000001baf      0x52f build/default/production/freertos/list.o
 .debug_info    0x00000000000020de      0x4d2 build/default/production/freertos/port.o
 .debug_info    0x00000000000025b0     0x2595 build/default/production/freertos/tasks.o

.debug_abbrev   0x0000000000000000     0x1061
 *(.debug_abbrev)
 .debug_abbrev  0x0000000000000000      0x4a3 C:/Program Files/Microchip/MPLABX/v5.50/packs/Microchip/ATmega_DFP/2.3.126/xc8/avr/lib/avr5/memx-const/crtatmega32a.o
 .debug_abbrev  0x00000000000004a3      0x177 build/default/production/main.o
 .debug_abbrev  0x000000000000061a      0x1bb build/default/production/mlcd4.o
 .debug_abbrev  0x00000000000007d5       0xa7 build/default/production/UART.o
 .debug_abbrev  0x000000000000087c      0x23c build/default/production/freertos/heap_4.o
 .debug_abbrev  0x0000000000000ab8      0x10f build/default/production/freertos/list.o
 .debug_abbrev  0x0000000000000bc7      0x14a build/default/production/freertos/port.o
 .debug_abbrev  0x0000000000000d11      0x350 build/default/production/freertos/tasks.o

.debug_line     0x0000000000000000     0x1d38
 *(.debug_line .debug_line.* .debug_line_end)
 .debug_line    0x0000000000000000      0x119 C:/Program Files/Microchip/MPLABX/v5.50/packs/Microchip/ATmega_DFP/2.3.126/xc8/avr/lib/avr5/memx-const/crtatmega32a.o
 .debug_line    0x0000000000000119      0x16d build/default/production/main.o
 .debug_line    0x0000000000000286      0x1fe build/default/production/mlcd4.o
 .debug_line    0x0000000000000484       0xdd build/default/production/UART.o
 .debug_line    0x0000000000000561      0x3d7 build/default/production/freertos/heap_4.o
 .debug_line    0x0000000000000938      0x1be build/default/production/freertos/list.o
 .debug_line    0x0000000000000af6      0x27c build/default/production/freertos/port.o
 .debug_line    0x0000000000000d72      0xfc6 build/default/production/freertos/tasks.o

.debug_frame    0x0000000000000000      0x818
 *(.debug_frame)
 .debug_frame   0x0000000000000000       0x60 build/default/production/main.o
 .debug_frame   0x0000000000000060       0xb0 build/default/production/mlcd4.o
 .debug_frame   0x0000000000000110       0x44 build/default/production/UART.o
 .debug_frame   0x0000000000000154       0xf0 build/default/production/freertos/heap_4.o
 .debug_frame   0x0000000000000244       0x88 build/default/production/freertos/list.o
 .debug_frame   0x00000000000002cc       0x74 build/default/production/freertos/port.o
 .debug_frame   0x0000000000000340      0x4d8 build/default/production/freertos/tasks.o

.debug_str      0x0000000000000000      0x51f
 *(.debug_str)
 .debug_str     0x0000000000000000      0x196 C:/Program Files/Microchip/MPLABX/v5.50/packs/Microchip/ATmega_DFP/2.3.126/xc8/avr/lib/avr5/memx-const/crtatmega32a.o
 .debug_str     0x0000000000000196       0x5f build/default/production/main.o
 .debug_str     0x00000000000001f5        0xe build/default/production/mlcd4.o
 .debug_str     0x0000000000000203        0x0 build/default/production/UART.o
 .debug_str     0x0000000000000203       0x76 build/default/production/freertos/heap_4.o
 .debug_str     0x0000000000000279       0x2b build/default/production/freertos/list.o
 .debug_str     0x00000000000002a4       0x26 build/default/production/freertos/port.o
 .debug_str     0x00000000000002ca      0x255 build/default/production/freertos/tasks.o

.debug_loc      0x0000000000000000     0x24dd
 *(.debug_loc)
 .debug_loc     0x0000000000000000       0x92 build/default/production/main.o
 .debug_loc     0x0000000000000092      0x1d0 build/default/production/mlcd4.o
 .debug_loc     0x0000000000000262       0x36 build/default/production/UART.o
 .debug_loc     0x0000000000000298      0x4b1 build/default/production/freertos/heap_4.o
 .debug_loc     0x0000000000000749       0xb8 build/default/production/freertos/list.o
 .debug_loc     0x0000000000000801      0x2a0 build/default/production/freertos/port.o
 .debug_loc     0x0000000000000aa1     0x1a3c build/default/production/freertos/tasks.o

.debug_macinfo
 *(.debug_macinfo)

.debug_weaknames
 *(.debug_weaknames)

.debug_funcnames
 *(.debug_funcnames)

.debug_typenames
 *(.debug_typenames)

.debug_varnames
 *(.debug_varnames)

.debug_pubtypes
 *(.debug_pubtypes)

.debug_ranges   0x0000000000000000      0x2e8
 *(.debug_ranges)
 .debug_ranges  0x0000000000000000       0x20 build/default/production/main.o
 .debug_ranges  0x0000000000000020       0x40 build/default/production/mlcd4.o
 .debug_ranges  0x0000000000000060       0x20 build/default/production/UART.o
 .debug_ranges  0x0000000000000080       0x48 build/default/production/freertos/heap_4.o
 .debug_ranges  0x00000000000000c8       0x30 build/default/production/freertos/list.o
 .debug_ranges  0x00000000000000f8       0x38 build/default/production/freertos/port.o
 .debug_ranges  0x0000000000000130      0x1b8 build/default/production/freertos/tasks.o

.debug_macro
 *(.debug_macro)
OUTPUT(dist/default/production/Alex60.production.elf elf32-avr)
LOAD linker stubs
LOAD data_init

.note.gnu.avr.deviceinfo
                0x0000000000000000       0x3c
 .note.gnu.avr.deviceinfo
                0x0000000000000000       0x3c C:/Program Files/Microchip/MPLABX/v5.50/packs/Microchip/ATmega_DFP/2.3.126/xc8/avr/lib/avr5/memx-const/crtatmega32a.o

.bss.handler2   0x0000000000800688        0x2
 .bss.handler2  0x0000000000800688        0x2 build/default/production/main.o
                0x0000000000800688                handler2

.bss.handler1   0x000000000080068a        0x2
 .bss.handler1  0x000000000080068a        0x2 build/default/production/main.o
                0x000000000080068a                handler1

.bss.xNumberOfSuccessfulFrees
                0x000000000080068c        0x2
 .bss.xNumberOfSuccessfulFrees
                0x000000000080068c        0x2 build/default/production/freertos/heap_4.o

.bss.xNumberOfSuccessfulAllocations
                0x000000000080068e        0x2
 .bss.xNumberOfSuccessfulAllocations
                0x000000000080068e        0x2 build/default/production/freertos/heap_4.o

.bss.xMinimumEverFreeBytesRemaining
                0x0000000000800690        0x2
 .bss.xMinimumEverFreeBytesRemaining
                0x0000000000800690        0x2 build/default/production/freertos/heap_4.o

.bss.xFreeBytesRemaining
                0x0000000000800692        0x2
 .bss.xFreeBytesRemaining
                0x0000000000800692        0x2 build/default/production/freertos/heap_4.o

.bss.pxEnd      0x0000000000800694        0x2
 .bss.pxEnd     0x0000000000800694        0x2 build/default/production/freertos/heap_4.o

.bss.xStart     0x0000000000800684        0x4
 .bss.xStart    0x0000000000800684        0x4 build/default/production/freertos/heap_4.o

.bss.ucHeap     0x0000000000800060      0x5dc
 .bss.ucHeap    0x0000000000800060      0x5dc build/default/production/freertos/heap_4.o

.bss.uxSchedulerSuspended
                0x00000000008006a4        0x1
 .bss.uxSchedulerSuspended
                0x00000000008006a4        0x1 build/default/production/freertos/tasks.o

.bss.xIdleTaskHandles
                0x0000000000800696        0x2
 .bss.xIdleTaskHandles
                0x0000000000800696        0x2 build/default/production/freertos/tasks.o

.bss.xNextTaskUnblockTime
                0x0000000000800698        0x2
 .bss.xNextTaskUnblockTime
                0x0000000000800698        0x2 build/default/production/freertos/tasks.o

.bss.uxTaskNumber
                0x00000000008006a5        0x1
 .bss.uxTaskNumber
                0x00000000008006a5        0x1 build/default/production/freertos/tasks.o

.bss.xNumOfOverflows
                0x00000000008006a6        0x1
 .bss.xNumOfOverflows
                0x00000000008006a6        0x1 build/default/production/freertos/tasks.o

.bss.xYieldPendings
                0x00000000008006a7        0x1
 .bss.xYieldPendings
                0x00000000008006a7        0x1 build/default/production/freertos/tasks.o

.bss.xPendedTicks
                0x000000000080069a        0x2
 .bss.xPendedTicks
                0x000000000080069a        0x2 build/default/production/freertos/tasks.o

.bss.xSchedulerRunning
                0x00000000008006a8        0x1
 .bss.xSchedulerRunning
                0x00000000008006a8        0x1 build/default/production/freertos/tasks.o

.bss.uxTopReadyPriority
                0x00000000008006a9        0x1
 .bss.uxTopReadyPriority
                0x00000000008006a9        0x1 build/default/production/freertos/tasks.o

.bss.xTickCount
                0x000000000080069c        0x2
 .bss.xTickCount
                0x000000000080069c        0x2 build/default/production/freertos/tasks.o

.bss.uxCurrentNumberOfTasks
                0x00000000008006aa        0x1
 .bss.uxCurrentNumberOfTasks
                0x00000000008006aa        0x1 build/default/production/freertos/tasks.o

.bss.uxDeletedTasksWaitingCleanUp
                0x00000000008006ab        0x1
 .bss.uxDeletedTasksWaitingCleanUp
                0x00000000008006ab        0x1 build/default/production/freertos/tasks.o

.bss.xTasksWaitingTermination
                0x0000000000800660        0x9
 .bss.xTasksWaitingTermination
                0x0000000000800660        0x9 build/default/production/freertos/tasks.o

.bss.xPendingReadyList
                0x0000000000800669        0x9
 .bss.xPendingReadyList
                0x0000000000800669        0x9 build/default/production/freertos/tasks.o

.bss.pxOverflowDelayedTaskList
                0x000000000080069e        0x2
 .bss.pxOverflowDelayedTaskList
                0x000000000080069e        0x2 build/default/production/freertos/tasks.o

.bss.pxDelayedTaskList
                0x00000000008006a0        0x2
 .bss.pxDelayedTaskList
                0x00000000008006a0        0x2 build/default/production/freertos/tasks.o

.bss.xDelayedTaskList2
                0x0000000000800672        0x9
 .bss.xDelayedTaskList2
                0x0000000000800672        0x9 build/default/production/freertos/tasks.o

.bss.xDelayedTaskList1
                0x000000000080067b        0x9
 .bss.xDelayedTaskList1
                0x000000000080067b        0x9 build/default/production/freertos/tasks.o

.bss.pxReadyTasksLists
                0x000000000080063c       0x24
 .bss.pxReadyTasksLists
                0x000000000080063c       0x24 build/default/production/freertos/tasks.o

.bss.pxCurrentTCB
                0x00000000008006a2        0x2
 .bss.pxCurrentTCB
                0x00000000008006a2        0x2 build/default/production/freertos/tasks.o
                0x00000000008006a2                pxCurrentTCB

.progmemx.data  0x00000000000000ae        0x6
 .progmemx.data
                0x00000000000000ae        0x6 build/default/production/main.o

.progmemx.data  0x00000000000000b4        0x6
 .progmemx.data
                0x00000000000000b4        0x6 build/default/production/freertos/tasks.o

.text.xTaskCreate
                0x00000000000000ba      0x292
 .text.xTaskCreate
                0x00000000000000ba      0x292 build/default/production/freertos/tasks.o
                0x00000000000000ba                xTaskCreate

.text.xTaskIncrementTick
                0x000000000000034c      0x23e
 .text.xTaskIncrementTick
                0x000000000000034c      0x23e build/default/production/freertos/tasks.o
                0x000000000000034c                xTaskIncrementTick

.text.xTaskResumeAll
                0x000000000000058a      0x1c4
 .text.xTaskResumeAll
                0x000000000000058a      0x1c4 build/default/production/freertos/tasks.o
                0x000000000000058a                xTaskResumeAll

.text.pvPortMalloc
                0x000000000000074e      0x16c
 .text.pvPortMalloc
                0x000000000000074e      0x16c build/default/production/freertos/heap_4.o
                0x000000000000074e                pvPortMalloc

.text.vTaskSwitchContext
                0x00000000000008ba       0xe2
 .text.vTaskSwitchContext
                0x00000000000008ba       0xe2 build/default/production/freertos/tasks.o
                0x00000000000008ba                vTaskSwitchContext

.text.vPortFree
                0x000000000000099c       0xde
 .text.vPortFree
                0x000000000000099c       0xde build/default/production/freertos/heap_4.o
                0x000000000000099c                vPortFree

.text.avrlibc.fplib
                0x0000000000000a7a       0xde
 .text.avrlibc.fplib
                0x0000000000000a7a       0xde c:/program files/microchip/xc8/v2.32/avr/bin/../lib/gcc/avr/5.4.0/../../../../avr/lib/avr5/memx-const\libm.a(divsf3x.o)
                0x0000000000000a7a                __divsf3x
                0x0000000000000aa2                __divsf3_pse

.text.pxPortInitialiseStack
                0x0000000000000b58       0xd8
 .text.pxPortInitialiseStack
                0x0000000000000b58       0xd8 build/default/production/freertos/port.o
                0x0000000000000b58                pxPortInitialiseStack

.text.avrlibc.fplib
                0x0000000000000c30       0xce
 .text.avrlibc.fplib
                0x0000000000000c30       0xce c:/program files/microchip/xc8/v2.32/avr/bin/../lib/gcc/avr/5.4.0/../../../../avr/lib/avr5/memx-const\libm.a(addsf3x.o)
                0x0000000000000c30                __addsf3x

.text.vTaskDelete
                0x0000000000000cfe       0xba
 .text.vTaskDelete
                0x0000000000000cfe       0xba build/default/production/freertos/tasks.o
                0x0000000000000cfe                vTaskDelete

.text.vPortYieldFromTick
                0x0000000000000db8       0xb8
 .text.vPortYieldFromTick
                0x0000000000000db8       0xb8 build/default/production/freertos/port.o
                0x0000000000000db8                vPortYieldFromTick

.text.vTaskStartScheduler
                0x0000000000000e70       0xb8
 .text.vTaskStartScheduler
                0x0000000000000e70       0xb8 build/default/production/freertos/tasks.o
                0x0000000000000e70                vTaskStartScheduler

.text.vPortYield
                0x0000000000000f28       0xb2
 .text.vPortYield
                0x0000000000000f28       0xb2 build/default/production/freertos/port.o
                0x0000000000000f28                vPortYield

.text.prvAddCurrentTaskToDelayedList
                0x0000000000000fda       0x9c
 .text.prvAddCurrentTaskToDelayedList
                0x0000000000000fda       0x9c build/default/production/freertos/tasks.o

.text.main      0x0000000000001076       0x7c
 .text.main     0x0000000000001076       0x7c build/default/production/main.o
                0x0000000000001076                main

.text.avrlibc.fplib
                0x00000000000010f2       0x7a
 .text.avrlibc.fplib
                0x00000000000010f2       0x7a c:/program files/microchip/xc8/v2.32/avr/bin/../lib/gcc/avr/5.4.0/../../../../avr/lib/avr5/memx-const\libm.a(floatsisf.o)
                0x00000000000010f2                __floatunsisf
                0x00000000000010f6                __floatsisf

.text.xPortStartScheduler
                0x000000000000116c       0x6a
 .text.xPortStartScheduler
                0x000000000000116c       0x6a build/default/production/freertos/port.o
                0x000000000000116c                xPortStartScheduler

.text.prvCheckTasksWaitingTermination
                0x00000000000011d6       0x68
 .text.prvCheckTasksWaitingTermination
                0x00000000000011d6       0x68 build/default/production/freertos/tasks.o

.text.vListInsert
                0x000000000000123e       0x62
 .text.vListInsert
                0x000000000000123e       0x62 build/default/production/freertos/list.o
                0x000000000000123e                vListInsert

.text.avrlibc.fplib
                0x00000000000012a0       0x5e
 .text.avrlibc.fplib
                0x00000000000012a0       0x5e c:/program files/microchip/xc8/v2.32/avr/bin/../lib/gcc/avr/5.4.0/../../../../avr/lib/avr5/memx-const\libm.a(fixunssfsi.o)
                0x00000000000012a0                __fixunssfsi

.text.uxListRemove
                0x00000000000012fe       0x4c
 .text.uxListRemove
                0x00000000000012fe       0x4c build/default/production/freertos/list.o
                0x00000000000012fe                uxListRemove

.text.init_UART
                0x000000000000134a       0x44
 .text.init_UART
                0x000000000000134a       0x44 build/default/production/UART.o
                0x000000000000134a                init_UART

.text.avrlibc.fplib
                0x000000000000138e       0x44
 .text.avrlibc.fplib
                0x000000000000138e       0x44 c:/program files/microchip/xc8/v2.32/avr/bin/../lib/gcc/avr/5.4.0/../../../../avr/lib/avr5/memx-const\libm.a(fp_split3.o)
                0x000000000000138e                __fp_split3
                0x000000000000139e                __fp_splitA

.text.vListInsertEnd
                0x00000000000013d2       0x42
 .text.vListInsertEnd
                0x00000000000013d2       0x42 build/default/production/freertos/list.o
                0x00000000000013d2                vListInsertEnd

.text.prvResetNextTaskUnblockTime
                0x0000000000001414       0x38
 .text.prvResetNextTaskUnblockTime
                0x0000000000001414       0x38 build/default/production/freertos/tasks.o

.text.LCD4_data
                0x000000000000144c       0x30
 .text.LCD4_data
                0x000000000000144c       0x30 build/default/production/mlcd4.o
                0x000000000000144c                LCD4_data

.text.LCD4_cmd  0x000000000000147c       0x30
 .text.LCD4_cmd
                0x000000000000147c       0x30 build/default/production/mlcd4.o
                0x000000000000147c                LCD4_cmd

.text.init_LCD4
                0x00000000000014ac       0x2c
 .text.init_LCD4
                0x00000000000014ac       0x2c build/default/production/mlcd4.o
                0x00000000000014ac                init_LCD4

.text.vTaskDelay
                0x00000000000014d8       0x28
 .text.vTaskDelay
                0x00000000000014d8       0x28 build/default/production/freertos/tasks.o
                0x00000000000014d8                vTaskDelay

.text.Task2     0x0000000000001500       0x22
 .text.Task2    0x0000000000001500       0x22 build/default/production/main.o
                0x0000000000001500                Task2

.text.avrlibc.fplib
                0x0000000000001522       0x22
 .text.avrlibc.fplib
                0x0000000000001522       0x22 c:/program files/microchip/xc8/v2.32/avr/bin/../lib/gcc/avr/5.4.0/../../../../avr/lib/avr5/memx-const\libm.a(fp_round.o)
                0x0000000000001522                __fp_round

.text.vListInitialise
                0x0000000000001544       0x1c
 .text.vListInitialise
                0x0000000000001544       0x1c build/default/production/freertos/list.o
                0x0000000000001544                vListInitialise

.text.prvIdleTask
                0x0000000000001560       0x14
 .text.prvIdleTask
                0x0000000000001560       0x14 build/default/production/freertos/tasks.o

.text.LCD4_enable
                0x0000000000001574       0x12
 .text.LCD4_enable
                0x0000000000001574       0x12 build/default/production/mlcd4.o
                0x0000000000001574                LCD4_enable

.text.Task1     0x0000000000001586       0x10
 .text.Task1    0x0000000000001586       0x10 build/default/production/main.o
                0x0000000000001586                Task1

.text.avrlibc.fplib
                0x0000000000001596        0xe
 .text.avrlibc.fplib
                0x0000000000001596        0xe c:/program files/microchip/xc8/v2.32/avr/bin/../lib/gcc/avr/5.4.0/../../../../avr/lib/avr5/memx-const\libm.a(addsf3.o)
                0x0000000000001596                __subsf3
                0x0000000000001598                __addsf3

.text.avrlibc.fplib
                0x00000000000015a4        0xe
 .text.avrlibc.fplib
                0x00000000000015a4        0xe c:/program files/microchip/xc8/v2.32/avr/bin/../lib/gcc/avr/5.4.0/../../../../avr/lib/avr5/memx-const\libm.a(fixsfsi.o)
                0x00000000000015a4                __fixsfsi

.text.avrlibc.fplib
                0x00000000000015b2        0xe
 .text.avrlibc.fplib
                0x00000000000015b2        0xe c:/program files/microchip/xc8/v2.32/avr/bin/../lib/gcc/avr/5.4.0/../../../../avr/lib/avr5/memx-const\libm.a(fp_pscA.o)
                0x00000000000015b2                __fp_pscA

.text.avrlibc.fplib
                0x00000000000015c0        0xe
 .text.avrlibc.fplib
                0x00000000000015c0        0xe c:/program files/microchip/xc8/v2.32/avr/bin/../lib/gcc/avr/5.4.0/../../../../avr/lib/avr5/memx-const\libm.a(fp_pscB.o)
                0x00000000000015c0                __fp_pscB

.text.avrlibc.fplib
                0x00000000000015ce        0xe
 .text.avrlibc.fplib
                0x00000000000015ce        0xe c:/program files/microchip/xc8/v2.32/avr/bin/../lib/gcc/avr/5.4.0/../../../../avr/lib/avr5/memx-const\libm.a(fp_zero.o)
                0x00000000000015ce                __fp_zero
                0x00000000000015d0                __fp_szero

.text.vTaskSuspendAll
                0x00000000000015dc        0xc
 .text.vTaskSuspendAll
                0x00000000000015dc        0xc build/default/production/freertos/tasks.o
                0x00000000000015dc                vTaskSuspendAll

.text.avrlibc.fplib
                0x00000000000015e8        0xc
 .text.avrlibc.fplib
                0x00000000000015e8        0xc c:/program files/microchip/xc8/v2.32/avr/bin/../lib/gcc/avr/5.4.0/../../../../avr/lib/avr5/memx-const\libm.a(fp_inf.o)
                0x00000000000015e8                __fp_inf

.text.UART_send
                0x00000000000015f4        0x8
 .text.UART_send
                0x00000000000015f4        0x8 build/default/production/UART.o
                0x00000000000015f4                UART_send

.text.vListInitialiseItem
                0x00000000000015fc        0x8
 .text.vListInitialiseItem
                0x00000000000015fc        0x8 build/default/production/freertos/list.o
                0x00000000000015fc                vListInitialiseItem

.text.avrlibc.fplib
                0x0000000000001604        0x8
 .text.avrlibc.fplib
                0x0000000000001604        0x8 c:/program files/microchip/xc8/v2.32/avr/bin/../lib/gcc/avr/5.4.0/../../../../avr/lib/avr5/memx-const\libm.a(divsf3.o)
                0x0000000000001604                __divsf3

.text.__vector_7
                0x000000000000160c        0x6
 .text.__vector_7
                0x000000000000160c        0x6 build/default/production/freertos/port.o
                0x000000000000160c                __vector_7

.text.avrlibc.fplib
                0x0000000000001612        0x6
 .text.avrlibc.fplib
                0x0000000000001612        0x6 c:/program files/microchip/xc8/v2.32/avr/bin/../lib/gcc/avr/5.4.0/../../../../avr/lib/avr5/memx-const\libm.a(fp_nan.o)
                0x0000000000001612                __fp_nan

.text           0x0000000000001618        0x4
 .text          0x0000000000001618        0x4 C:/Program Files/Microchip/MPLABX/v5.50/packs/Microchip/ATmega_DFP/2.3.126/xc8/avr/lib/avr5/memx-const/crtatmega32a.o
                0x0000000000001618                __vector_1
                0x0000000000001618                __vector_12
                0x0000000000001618                __bad_interrupt
                0x0000000000001618                __vector_6
                0x0000000000001618                __vector_3
                0x0000000000001618                __vector_11
                0x0000000000001618                __vector_13
                0x0000000000001618                __vector_17
                0x0000000000001618                __vector_19
                0x0000000000001618                __vector_5
                0x0000000000001618                __vector_4
                0x0000000000001618                __vector_9
                0x0000000000001618                __vector_2
                0x0000000000001618                __vector_15
                0x0000000000001618                __vector_8
                0x0000000000001618                __vector_14
                0x0000000000001618                __vector_10
                0x0000000000001618                __vector_16
                0x0000000000001618                __vector_18
                0x0000000000001618                __vector_20
