Archive member included to satisfy reference by file (symbol)

c:/program files/microchip/xc8/v2.32/avr/bin/../lib/gcc/avr/5.4.0/../../../../avr/lib/avr5/memx-const\libm.a(addsf3.o)
                              build/default/production/UART.o (__subsf3)
c:/program files/microchip/xc8/v2.32/avr/bin/../lib/gcc/avr/5.4.0/../../../../avr/lib/avr5/memx-const\libm.a(addsf3x.o)
                              c:/program files/microchip/xc8/v2.32/avr/bin/../lib/gcc/avr/5.4.0/../../../../avr/lib/avr5/memx-const\libm.a(addsf3.o) (__addsf3x)
c:/program files/microchip/xc8/v2.32/avr/bin/../lib/gcc/avr/5.4.0/../../../../avr/lib/avr5/memx-const\libm.a(divsf3.o)
                              build/default/production/lm35.o (__divsf3)
c:/program files/microchip/xc8/v2.32/avr/bin/../lib/gcc/avr/5.4.0/../../../../avr/lib/avr5/memx-const\libm.a(divsf3x.o)
                              c:/program files/microchip/xc8/v2.32/avr/bin/../lib/gcc/avr/5.4.0/../../../../avr/lib/avr5/memx-const\libm.a(divsf3.o) (__divsf3x)
c:/program files/microchip/xc8/v2.32/avr/bin/../lib/gcc/avr/5.4.0/../../../../avr/lib/avr5/memx-const\libm.a(fixsfsi.o)
                              build/default/production/ADC.o (__fixsfsi)
c:/program files/microchip/xc8/v2.32/avr/bin/../lib/gcc/avr/5.4.0/../../../../avr/lib/avr5/memx-const\libm.a(fixunssfsi.o)
                              c:/program files/microchip/xc8/v2.32/avr/bin/../lib/gcc/avr/5.4.0/../../../../avr/lib/avr5/memx-const\libm.a(fixsfsi.o) (__fixunssfsi)
c:/program files/microchip/xc8/v2.32/avr/bin/../lib/gcc/avr/5.4.0/../../../../avr/lib/avr5/memx-const\libm.a(floatsisf.o)
                              build/default/production/ADC.o (__floatunsisf)
c:/program files/microchip/xc8/v2.32/avr/bin/../lib/gcc/avr/5.4.0/../../../../avr/lib/avr5/memx-const\libm.a(fp_inf.o)
                              c:/program files/microchip/xc8/v2.32/avr/bin/../lib/gcc/avr/5.4.0/../../../../avr/lib/avr5/memx-const\libm.a(addsf3x.o) (__fp_inf)
c:/program files/microchip/xc8/v2.32/avr/bin/../lib/gcc/avr/5.4.0/../../../../avr/lib/avr5/memx-const\libm.a(fp_nan.o)
                              c:/program files/microchip/xc8/v2.32/avr/bin/../lib/gcc/avr/5.4.0/../../../../avr/lib/avr5/memx-const\libm.a(addsf3x.o) (__fp_nan)
c:/program files/microchip/xc8/v2.32/avr/bin/../lib/gcc/avr/5.4.0/../../../../avr/lib/avr5/memx-const\libm.a(fp_pscA.o)
                              c:/program files/microchip/xc8/v2.32/avr/bin/../lib/gcc/avr/5.4.0/../../../../avr/lib/avr5/memx-const\libm.a(addsf3x.o) (__fp_pscA)
c:/program files/microchip/xc8/v2.32/avr/bin/../lib/gcc/avr/5.4.0/../../../../avr/lib/avr5/memx-const\libm.a(fp_pscB.o)
                              c:/program files/microchip/xc8/v2.32/avr/bin/../lib/gcc/avr/5.4.0/../../../../avr/lib/avr5/memx-const\libm.a(addsf3x.o) (__fp_pscB)
c:/program files/microchip/xc8/v2.32/avr/bin/../lib/gcc/avr/5.4.0/../../../../avr/lib/avr5/memx-const\libm.a(fp_round.o)
                              c:/program files/microchip/xc8/v2.32/avr/bin/../lib/gcc/avr/5.4.0/../../../../avr/lib/avr5/memx-const\libm.a(addsf3.o) (__fp_round)
c:/program files/microchip/xc8/v2.32/avr/bin/../lib/gcc/avr/5.4.0/../../../../avr/lib/avr5/memx-const\libm.a(fp_split3.o)
                              c:/program files/microchip/xc8/v2.32/avr/bin/../lib/gcc/avr/5.4.0/../../../../avr/lib/avr5/memx-const\libm.a(addsf3x.o) (__fp_split3)
c:/program files/microchip/xc8/v2.32/avr/bin/../lib/gcc/avr/5.4.0/../../../../avr/lib/avr5/memx-const\libm.a(fp_zero.o)
                              c:/program files/microchip/xc8/v2.32/avr/bin/../lib/gcc/avr/5.4.0/../../../../avr/lib/avr5/memx-const\libm.a(addsf3x.o) (__fp_zero)
c:/program files/microchip/xc8/v2.32/avr/bin/../lib/gcc/avr/5.4.0/../../../../avr/lib/avr5/memx-const\libm.a(mulsf3.o)
                              build/default/production/ADC.o (__mulsf3)
c:/program files/microchip/xc8/v2.32/avr/bin/../lib/gcc/avr/5.4.0/../../../../avr/lib/avr5/memx-const\libm.a(mulsf3x.o)
                              c:/program files/microchip/xc8/v2.32/avr/bin/../lib/gcc/avr/5.4.0/../../../../avr/lib/avr5/memx-const\libm.a(mulsf3.o) (__mulsf3x)
c:/program files/microchip/xc8/v2.32/avr/bin/../lib/gcc/avr/5.4.0/avr5/memx-const\libgcc.a(_exit.o)
                              C:/Program Files/Microchip/MPLABX/v5.50/packs/Microchip/ATmega_DFP/2.3.126/xc8/avr/lib/avr5/memx-const/crtatmega32a.o (exit)
c:/program files/microchip/xc8/v2.32/avr/bin/../lib/gcc/avr/5.4.0/avr5/memx-const\libgcc.a(_copy_data.o)
                              build/default/production/_7seg.o (__do_copy_data)
c:/program files/microchip/xc8/v2.32/avr/bin/../lib/gcc/avr/5.4.0/../../../../avr/lib/avr5/memx-const\libc.a(ltoa_ncheck.o)
                              build/default/production/mlcd8.o (__ltoa_ncheck)
c:/program files/microchip/xc8/v2.32/avr/bin/../lib/gcc/avr/5.4.0/../../../../avr/lib/avr5/memx-const\libc.a(ultoa_ncheck.o)
                              c:/program files/microchip/xc8/v2.32/avr/bin/../lib/gcc/avr/5.4.0/../../../../avr/lib/avr5/memx-const\libc.a(ltoa_ncheck.o) (__ultoa_common)
c:/program files/microchip/xc8/v2.32/avr/bin/../lib/gcc/avr/5.4.0/../../../../avr/lib/avr5/memx-const\libc.a(strrev.o)
                              c:/program files/microchip/xc8/v2.32/avr/bin/../lib/gcc/avr/5.4.0/../../../../avr/lib/avr5/memx-const\libc.a(ultoa_ncheck.o) (strrev)

Discarded input sections

 .data          0x0000000000000000        0x0 C:/Program Files/Microchip/MPLABX/v5.50/packs/Microchip/ATmega_DFP/2.3.126/xc8/avr/lib/avr5/memx-const/crtatmega32a.o
 .bss           0x0000000000000000        0x0 C:/Program Files/Microchip/MPLABX/v5.50/packs/Microchip/ATmega_DFP/2.3.126/xc8/avr/lib/avr5/memx-const/crtatmega32a.o
 .text          0x0000000000000000        0x0 build/default/production/main.o
 .data          0x0000000000000000        0x0 build/default/production/main.o
 .bss           0x0000000000000000        0x0 build/default/production/main.o
 .text          0x0000000000000000        0x0 build/default/production/DIO.o
 .data          0x0000000000000000        0x0 build/default/production/DIO.o
 .bss           0x0000000000000000        0x0 build/default/production/DIO.o
 .text.setPINA_DIR
                0x0000000000000000       0x3e build/default/production/DIO.o
 .text.setPORTA_DIR
                0x0000000000000000       0x12 build/default/production/DIO.o
 .text.setPINA  0x0000000000000000       0x3e build/default/production/DIO.o
 .text.setPORTA
                0x0000000000000000        0x4 build/default/production/DIO.o
 .text.togglePINA
                0x0000000000000000       0x16 build/default/production/DIO.o
 .text.togglePORTA
                0x0000000000000000        0x8 build/default/production/DIO.o
 .text.checkPINA
                0x0000000000000000       0x16 build/default/production/DIO.o
 .text.checkPORTA
                0x0000000000000000        0x4 build/default/production/DIO.o
 .text.setPORTB_DIR
                0x0000000000000000       0x12 build/default/production/DIO.o
 .text.setPORTB
                0x0000000000000000       0x12 build/default/production/DIO.o
 .text.togglePINB
                0x0000000000000000       0x16 build/default/production/DIO.o
 .text.togglePORTB
                0x0000000000000000        0x8 build/default/production/DIO.o
 .text.checkPINB
                0x0000000000000000       0x16 build/default/production/DIO.o
 .text.checkPORTB
                0x0000000000000000        0x4 build/default/production/DIO.o
 .text.setPORTC_DIR
                0x0000000000000000       0x12 build/default/production/DIO.o
 .text.setPORTC
                0x0000000000000000       0x12 build/default/production/DIO.o
 .text.togglePINC
                0x0000000000000000       0x16 build/default/production/DIO.o
 .text.togglePORTC
                0x0000000000000000        0x8 build/default/production/DIO.o
 .text.checkPORTC
                0x0000000000000000        0x4 build/default/production/DIO.o
 .text.setPORTD_DIR
                0x0000000000000000       0x12 build/default/production/DIO.o
 .text.setPORTD
                0x0000000000000000       0x12 build/default/production/DIO.o
 .text.togglePIND
                0x0000000000000000       0x16 build/default/production/DIO.o
 .text.togglePORTD
                0x0000000000000000        0x8 build/default/production/DIO.o
 .text.checkPIND
                0x0000000000000000       0x16 build/default/production/DIO.o
 .text.checkPORTD
                0x0000000000000000        0x4 build/default/production/DIO.o
 .text          0x0000000000000000        0x0 build/default/production/leds.o
 .data          0x0000000000000000        0x0 build/default/production/leds.o
 .bss           0x0000000000000000        0x0 build/default/production/leds.o
 .text.led_tog  0x0000000000000000       0x36 build/default/production/leds.o
 .text.led_on_all
                0x0000000000000000       0x1a build/default/production/leds.o
 .text.led_tog_all
                0x0000000000000000       0x1a build/default/production/leds.o
 .text          0x0000000000000000        0x0 build/default/production/buttons.o
 .data          0x0000000000000000        0x0 build/default/production/buttons.o
 .bss           0x0000000000000000        0x0 build/default/production/buttons.o
 .text          0x0000000000000000        0x0 build/default/production/keypad.o
 .data          0x0000000000000000        0x0 build/default/production/keypad.o
 .bss           0x0000000000000000        0x0 build/default/production/keypad.o
 .text.init_keypad
                0x0000000000000000       0x64 build/default/production/keypad.o
 .text.keypad_read
                0x0000000000000000       0xfe build/default/production/keypad.o
 .debug_info    0x0000000000000000      0x5c5 build/default/production/keypad.o
 .debug_abbrev  0x0000000000000000      0x12a build/default/production/keypad.o
 .debug_loc     0x0000000000000000       0xc4 build/default/production/keypad.o
 .debug_aranges
                0x0000000000000000       0x28 build/default/production/keypad.o
 .debug_ranges  0x0000000000000000       0x18 build/default/production/keypad.o
 .debug_line    0x0000000000000000      0x1f9 build/default/production/keypad.o
 .debug_str     0x0000000000000000       0x17 build/default/production/keypad.o
 .comment       0x0000000000000000       0x30 build/default/production/keypad.o
 .debug_frame   0x0000000000000000       0x34 build/default/production/keypad.o
 .text          0x0000000000000000        0x0 build/default/production/kit_keypad.o
 .data          0x0000000000000000        0x0 build/default/production/kit_keypad.o
 .bss           0x0000000000000000        0x0 build/default/production/kit_keypad.o
 .text.init_kit_keypad
                0x0000000000000000       0x68 build/default/production/kit_keypad.o
 .text.kit_keypad_getNum
                0x0000000000000000      0x15c build/default/production/kit_keypad.o
 .debug_info    0x0000000000000000      0x756 build/default/production/kit_keypad.o
 .debug_abbrev  0x0000000000000000      0x131 build/default/production/kit_keypad.o
 .debug_loc     0x0000000000000000      0x3b0 build/default/production/kit_keypad.o
 .debug_aranges
                0x0000000000000000       0x28 build/default/production/kit_keypad.o
 .debug_ranges  0x0000000000000000       0x30 build/default/production/kit_keypad.o
 .debug_line    0x0000000000000000      0x254 build/default/production/kit_keypad.o
 .debug_str     0x0000000000000000       0x23 build/default/production/kit_keypad.o
 .comment       0x0000000000000000       0x30 build/default/production/kit_keypad.o
 .debug_frame   0x0000000000000000       0x34 build/default/production/kit_keypad.o
 .text          0x0000000000000000        0x0 build/default/production/_7seg.o
 .data          0x0000000000000000        0x0 build/default/production/_7seg.o
 .bss           0x0000000000000000        0x0 build/default/production/_7seg.o
 .text.init_7Seg
                0x0000000000000000       0x3a build/default/production/_7seg.o
 .text._7seg_1_EN
                0x0000000000000000       0x16 build/default/production/_7seg.o
 .text._7seg_1_DIS
                0x0000000000000000       0x16 build/default/production/_7seg.o
 .text._7seg_2_EN
                0x0000000000000000       0x16 build/default/production/_7seg.o
 .text._7seg_2_DIS
                0x0000000000000000       0x16 build/default/production/_7seg.o
 .text._7seg_write
                0x0000000000000000       0x10 build/default/production/_7seg.o
 .text._7seg_1_write
                0x0000000000000000       0x18 build/default/production/_7seg.o
 .text._7seg_2_write
                0x0000000000000000       0x18 build/default/production/_7seg.o
 .data.values   0x0000000000000000        0xa build/default/production/_7seg.o
 .debug_info    0x0000000000000000      0x6a5 build/default/production/_7seg.o
 .debug_abbrev  0x0000000000000000      0x14d build/default/production/_7seg.o
 .debug_loc     0x0000000000000000      0x257 build/default/production/_7seg.o
 .debug_aranges
                0x0000000000000000       0x58 build/default/production/_7seg.o
 .debug_ranges  0x0000000000000000       0x48 build/default/production/_7seg.o
 .debug_line    0x0000000000000000      0x1df build/default/production/_7seg.o
 .debug_str     0x0000000000000000       0x22 build/default/production/_7seg.o
 .comment       0x0000000000000000       0x30 build/default/production/_7seg.o
 .debug_frame   0x0000000000000000       0x94 build/default/production/_7seg.o
 .text          0x0000000000000000        0x0 build/default/production/mlcd8.o
 .data          0x0000000000000000        0x0 build/default/production/mlcd8.o
 .bss           0x0000000000000000        0x0 build/default/production/mlcd8.o
 .text.LCD_enable
                0x0000000000000000       0x12 build/default/production/mlcd8.o
 .text.LCD_data
                0x0000000000000000        0xa build/default/production/mlcd8.o
 .text.LCD_cmd  0x0000000000000000        0xa build/default/production/mlcd8.o
 .text.init_LCD8
                0x0000000000000000       0x36 build/default/production/mlcd8.o
 .text.LCD_str  0x0000000000000000       0x1e build/default/production/mlcd8.o
 .text.LCD_num  0x0000000000000000       0x3a build/default/production/mlcd8.o
 .debug_info    0x0000000000000000      0x59b build/default/production/mlcd8.o
 .debug_abbrev  0x0000000000000000      0x1bb build/default/production/mlcd8.o
 .debug_loc     0x0000000000000000      0x1d2 build/default/production/mlcd8.o
 .debug_aranges
                0x0000000000000000       0x48 build/default/production/mlcd8.o
 .debug_ranges  0x0000000000000000       0x38 build/default/production/mlcd8.o
 .debug_line    0x0000000000000000      0x1b8 build/default/production/mlcd8.o
 .debug_str     0x0000000000000000        0xe build/default/production/mlcd8.o
 .comment       0x0000000000000000       0x30 build/default/production/mlcd8.o
 .debug_frame   0x0000000000000000       0x90 build/default/production/mlcd8.o
 .text          0x0000000000000000        0x0 build/default/production/mlcd4.o
 .data          0x0000000000000000        0x0 build/default/production/mlcd4.o
 .bss           0x0000000000000000        0x0 build/default/production/mlcd4.o
 .text.LCD4_str
                0x0000000000000000       0x1e build/default/production/mlcd4.o
 .text.LCD4_num
                0x0000000000000000       0x42 build/default/production/mlcd4.o
 .text.LCD4_cmdS
                0x0000000000000000       0x12 build/default/production/mlcd4.o
 .text          0x0000000000000000        0x0 build/default/production/ADC.o
 .data          0x0000000000000000        0x0 build/default/production/ADC.o
 .bss           0x0000000000000000        0x0 build/default/production/ADC.o
 .text.ADC_select_CH
                0x0000000000000000        0xe build/default/production/ADC.o
 .text.ADC_select_REF
                0x0000000000000000       0x16 build/default/production/ADC.o
 .text.ADC_select_FREQ
                0x0000000000000000        0xe build/default/production/ADC.o
 .text.ADC_EN   0x0000000000000000        0x4 build/default/production/ADC.o
 .text.ADC_SC   0x0000000000000000        0x4 build/default/production/ADC.o
 .text.ADC_wait
                0x0000000000000000        0x6 build/default/production/ADC.o
 .text.ADC_read
                0x0000000000000000       0x20 build/default/production/ADC.o
 .text.ADC_INT_EN
                0x0000000000000000        0x4 build/default/production/ADC.o
 .text.init_ADC
                0x0000000000000000       0x26 build/default/production/ADC.o
 .debug_info    0x0000000000000000      0x3cc build/default/production/ADC.o
 .debug_abbrev  0x0000000000000000       0xc1 build/default/production/ADC.o
 .debug_loc     0x0000000000000000       0xdc build/default/production/ADC.o
 .debug_aranges
                0x0000000000000000       0x60 build/default/production/ADC.o
 .debug_ranges  0x0000000000000000       0x50 build/default/production/ADC.o
 .debug_line    0x0000000000000000      0x16c build/default/production/ADC.o
 .debug_str     0x0000000000000000        0x0 build/default/production/ADC.o
 .comment       0x0000000000000000       0x30 build/default/production/ADC.o
 .debug_frame   0x0000000000000000       0xb0 build/default/production/ADC.o
 .text          0x0000000000000000        0x0 build/default/production/lm35.o
 .data          0x0000000000000000        0x0 build/default/production/lm35.o
 .bss           0x0000000000000000        0x0 build/default/production/lm35.o
 .text.init_LM35
                0x0000000000000000        0xa build/default/production/lm35.o
 .text.LM35_sample
                0x0000000000000000        0x6 build/default/production/lm35.o
 .text.LM35_select
                0x0000000000000000        0x6 build/default/production/lm35.o
 .text.LM35_read
                0x0000000000000000       0x24 build/default/production/lm35.o
 .debug_info    0x0000000000000000      0x31d build/default/production/lm35.o
 .debug_abbrev  0x0000000000000000       0xc2 build/default/production/lm35.o
 .debug_loc     0x0000000000000000       0x42 build/default/production/lm35.o
 .debug_aranges
                0x0000000000000000       0x38 build/default/production/lm35.o
 .debug_ranges  0x0000000000000000       0x28 build/default/production/lm35.o
 .debug_line    0x0000000000000000       0x89 build/default/production/lm35.o
 .debug_str     0x0000000000000000       0x2b build/default/production/lm35.o
 .comment       0x0000000000000000       0x30 build/default/production/lm35.o
 .debug_frame   0x0000000000000000       0x54 build/default/production/lm35.o
 .text          0x0000000000000000        0x0 build/default/production/TIMER0.o
 .data          0x0000000000000000        0x0 build/default/production/TIMER0.o
 .bss           0x0000000000000000        0x0 build/default/production/TIMER0.o
 .text.Timer0_CLOCK_SELECT
                0x0000000000000000        0xe build/default/production/TIMER0.o
 .text.Timer0_OVF_INT
                0x0000000000000000       0x14 build/default/production/TIMER0.o
 .text.Timer0_OCF_INT
                0x0000000000000000       0x14 build/default/production/TIMER0.o
 .text.Timer0_SELECT_MODE
                0x0000000000000000       0x54 build/default/production/TIMER0.o
 .text.init_Timer0
                0x0000000000000000       0x1c build/default/production/TIMER0.o
 .debug_info    0x0000000000000000      0x390 build/default/production/TIMER0.o
 .debug_abbrev  0x0000000000000000       0x93 build/default/production/TIMER0.o
 .debug_loc     0x0000000000000000      0x14e build/default/production/TIMER0.o
 .debug_aranges
                0x0000000000000000       0x40 build/default/production/TIMER0.o
 .debug_ranges  0x0000000000000000       0x30 build/default/production/TIMER0.o
 .debug_line    0x0000000000000000      0x15d build/default/production/TIMER0.o
 .debug_str     0x0000000000000000        0x0 build/default/production/TIMER0.o
 .comment       0x0000000000000000       0x30 build/default/production/TIMER0.o
 .debug_frame   0x0000000000000000       0x6c build/default/production/TIMER0.o
 .text          0x0000000000000000        0x0 build/default/production/EXT_INT.o
 .data          0x0000000000000000        0x0 build/default/production/EXT_INT.o
 .bss           0x0000000000000000        0x0 build/default/production/EXT_INT.o
 .text.init_INT
                0x0000000000000000       0x5c build/default/production/EXT_INT.o
 .debug_info    0x0000000000000000      0x254 build/default/production/EXT_INT.o
 .debug_abbrev  0x0000000000000000       0x57 build/default/production/EXT_INT.o
 .debug_loc     0x0000000000000000       0xb3 build/default/production/EXT_INT.o
 .debug_aranges
                0x0000000000000000       0x20 build/default/production/EXT_INT.o
 .debug_ranges  0x0000000000000000       0x10 build/default/production/EXT_INT.o
 .debug_line    0x0000000000000000       0xb8 build/default/production/EXT_INT.o
 .debug_str     0x0000000000000000        0x0 build/default/production/EXT_INT.o
 .comment       0x0000000000000000       0x30 build/default/production/EXT_INT.o
 .debug_frame   0x0000000000000000       0x24 build/default/production/EXT_INT.o
 .text          0x0000000000000000        0x0 build/default/production/TIMER2.o
 .data          0x0000000000000000        0x0 build/default/production/TIMER2.o
 .bss           0x0000000000000000        0x0 build/default/production/TIMER2.o
 .text.Timer2_CLEAR_INTs
                0x0000000000000000        0x8 build/default/production/TIMER2.o
 .text.Timer2_CLOCK_SELECT
                0x0000000000000000        0xe build/default/production/TIMER2.o
 .text.Timer2_OVF_INT
                0x0000000000000000       0x14 build/default/production/TIMER2.o
 .text.Timer2_OCF_INT
                0x0000000000000000       0x14 build/default/production/TIMER2.o
 .text.Timer2_SELECT_MODE
                0x0000000000000000       0x54 build/default/production/TIMER2.o
 .text.init_Timer2
                0x0000000000000000       0x12 build/default/production/TIMER2.o
 .text.init_Timer2_Async
                0x0000000000000000       0x4e build/default/production/TIMER2.o
 .debug_info    0x0000000000000000      0x427 build/default/production/TIMER2.o
 .debug_abbrev  0x0000000000000000       0xb4 build/default/production/TIMER2.o
 .debug_loc     0x0000000000000000      0x17a build/default/production/TIMER2.o
 .debug_aranges
                0x0000000000000000       0x50 build/default/production/TIMER2.o
 .debug_ranges  0x0000000000000000       0x40 build/default/production/TIMER2.o
 .debug_line    0x0000000000000000      0x1da build/default/production/TIMER2.o
 .debug_str     0x0000000000000000        0x0 build/default/production/TIMER2.o
 .comment       0x0000000000000000       0x30 build/default/production/TIMER2.o
 .debug_frame   0x0000000000000000       0x94 build/default/production/TIMER2.o
 .text          0x0000000000000000        0x0 build/default/production/TIMER1.o
 .data          0x0000000000000000        0x0 build/default/production/TIMER1.o
 .bss           0x0000000000000000        0x0 build/default/production/TIMER1.o
 .text.TIMER1_MODE
                0x0000000000000000       0x10 build/default/production/TIMER1.o
 .text.TIMER1_clock_SELECT
                0x0000000000000000        0xe build/default/production/TIMER1.o
 .text.init_TIMER1
                0x0000000000000000       0x1e build/default/production/TIMER1.o
 .text.Timer1_OVF_INT
                0x0000000000000000       0x14 build/default/production/TIMER1.o
 .text.Timer1_OCF_INT
                0x0000000000000000       0x14 build/default/production/TIMER1.o
 .text.Timer1_ICPF_INT
                0x0000000000000000       0x14 build/default/production/TIMER1.o
 .debug_info    0x0000000000000000      0x390 build/default/production/TIMER1.o
 .debug_abbrev  0x0000000000000000       0xa2 build/default/production/TIMER1.o
 .debug_loc     0x0000000000000000      0x13d build/default/production/TIMER1.o
 .debug_aranges
                0x0000000000000000       0x48 build/default/production/TIMER1.o
 .debug_ranges  0x0000000000000000       0x38 build/default/production/TIMER1.o
 .debug_line    0x0000000000000000      0x131 build/default/production/TIMER1.o
 .debug_str     0x0000000000000000        0xd build/default/production/TIMER1.o
 .comment       0x0000000000000000       0x30 build/default/production/TIMER1.o
 .debug_frame   0x0000000000000000       0x7c build/default/production/TIMER1.o
 .text          0x0000000000000000        0x0 build/default/production/UART.o
 .data          0x0000000000000000        0x0 build/default/production/UART.o
 .bss           0x0000000000000000        0x0 build/default/production/UART.o
 .text.UART_receive
                0x0000000000000000        0x8 build/default/production/UART.o
 .text          0x0000000000000000        0x0 c:/program files/microchip/xc8/v2.32/avr/bin/../lib/gcc/avr/5.4.0/../../../../avr/lib/avr5/memx-const\libm.a(addsf3.o)
 .data          0x0000000000000000        0x0 c:/program files/microchip/xc8/v2.32/avr/bin/../lib/gcc/avr/5.4.0/../../../../avr/lib/avr5/memx-const\libm.a(addsf3.o)
 .bss           0x0000000000000000        0x0 c:/program files/microchip/xc8/v2.32/avr/bin/../lib/gcc/avr/5.4.0/../../../../avr/lib/avr5/memx-const\libm.a(addsf3.o)
 .stack.descriptors
                0x0000000000000000       0x2c c:/program files/microchip/xc8/v2.32/avr/bin/../lib/gcc/avr/5.4.0/../../../../avr/lib/avr5/memx-const\libm.a(addsf3.o)
 .text          0x0000000000000000        0x0 c:/program files/microchip/xc8/v2.32/avr/bin/../lib/gcc/avr/5.4.0/../../../../avr/lib/avr5/memx-const\libm.a(addsf3x.o)
 .data          0x0000000000000000        0x0 c:/program files/microchip/xc8/v2.32/avr/bin/../lib/gcc/avr/5.4.0/../../../../avr/lib/avr5/memx-const\libm.a(addsf3x.o)
 .bss           0x0000000000000000        0x0 c:/program files/microchip/xc8/v2.32/avr/bin/../lib/gcc/avr/5.4.0/../../../../avr/lib/avr5/memx-const\libm.a(addsf3x.o)
 .stack.descriptors
                0x0000000000000000       0x17 c:/program files/microchip/xc8/v2.32/avr/bin/../lib/gcc/avr/5.4.0/../../../../avr/lib/avr5/memx-const\libm.a(addsf3x.o)
 .text          0x0000000000000000        0x0 c:/program files/microchip/xc8/v2.32/avr/bin/../lib/gcc/avr/5.4.0/../../../../avr/lib/avr5/memx-const\libm.a(divsf3.o)
 .data          0x0000000000000000        0x0 c:/program files/microchip/xc8/v2.32/avr/bin/../lib/gcc/avr/5.4.0/../../../../avr/lib/avr5/memx-const\libm.a(divsf3.o)
 .bss           0x0000000000000000        0x0 c:/program files/microchip/xc8/v2.32/avr/bin/../lib/gcc/avr/5.4.0/../../../../avr/lib/avr5/memx-const\libm.a(divsf3.o)
 .stack.descriptors
                0x0000000000000000       0x16 c:/program files/microchip/xc8/v2.32/avr/bin/../lib/gcc/avr/5.4.0/../../../../avr/lib/avr5/memx-const\libm.a(divsf3.o)
 .text          0x0000000000000000        0x0 c:/program files/microchip/xc8/v2.32/avr/bin/../lib/gcc/avr/5.4.0/../../../../avr/lib/avr5/memx-const\libm.a(divsf3x.o)
 .data          0x0000000000000000        0x0 c:/program files/microchip/xc8/v2.32/avr/bin/../lib/gcc/avr/5.4.0/../../../../avr/lib/avr5/memx-const\libm.a(divsf3x.o)
 .bss           0x0000000000000000        0x0 c:/program files/microchip/xc8/v2.32/avr/bin/../lib/gcc/avr/5.4.0/../../../../avr/lib/avr5/memx-const\libm.a(divsf3x.o)
 .stack.descriptors
                0x0000000000000000       0x31 c:/program files/microchip/xc8/v2.32/avr/bin/../lib/gcc/avr/5.4.0/../../../../avr/lib/avr5/memx-const\libm.a(divsf3x.o)
 .text          0x0000000000000000        0x0 c:/program files/microchip/xc8/v2.32/avr/bin/../lib/gcc/avr/5.4.0/../../../../avr/lib/avr5/memx-const\libm.a(fixsfsi.o)
 .data          0x0000000000000000        0x0 c:/program files/microchip/xc8/v2.32/avr/bin/../lib/gcc/avr/5.4.0/../../../../avr/lib/avr5/memx-const\libm.a(fixsfsi.o)
 .bss           0x0000000000000000        0x0 c:/program files/microchip/xc8/v2.32/avr/bin/../lib/gcc/avr/5.4.0/../../../../avr/lib/avr5/memx-const\libm.a(fixsfsi.o)
 .stack.descriptors
                0x0000000000000000       0x17 c:/program files/microchip/xc8/v2.32/avr/bin/../lib/gcc/avr/5.4.0/../../../../avr/lib/avr5/memx-const\libm.a(fixsfsi.o)
 .text          0x0000000000000000        0x0 c:/program files/microchip/xc8/v2.32/avr/bin/../lib/gcc/avr/5.4.0/../../../../avr/lib/avr5/memx-const\libm.a(fixunssfsi.o)
 .data          0x0000000000000000        0x0 c:/program files/microchip/xc8/v2.32/avr/bin/../lib/gcc/avr/5.4.0/../../../../avr/lib/avr5/memx-const\libm.a(fixunssfsi.o)
 .bss           0x0000000000000000        0x0 c:/program files/microchip/xc8/v2.32/avr/bin/../lib/gcc/avr/5.4.0/../../../../avr/lib/avr5/memx-const\libm.a(fixunssfsi.o)
 .stack.descriptors
                0x0000000000000000       0x1a c:/program files/microchip/xc8/v2.32/avr/bin/../lib/gcc/avr/5.4.0/../../../../avr/lib/avr5/memx-const\libm.a(fixunssfsi.o)
 .text          0x0000000000000000        0x0 c:/program files/microchip/xc8/v2.32/avr/bin/../lib/gcc/avr/5.4.0/../../../../avr/lib/avr5/memx-const\libm.a(floatsisf.o)
 .data          0x0000000000000000        0x0 c:/program files/microchip/xc8/v2.32/avr/bin/../lib/gcc/avr/5.4.0/../../../../avr/lib/avr5/memx-const\libm.a(floatsisf.o)
 .bss           0x0000000000000000        0x0 c:/program files/microchip/xc8/v2.32/avr/bin/../lib/gcc/avr/5.4.0/../../../../avr/lib/avr5/memx-const\libm.a(floatsisf.o)
 .stack.descriptors
                0x0000000000000000       0x34 c:/program files/microchip/xc8/v2.32/avr/bin/../lib/gcc/avr/5.4.0/../../../../avr/lib/avr5/memx-const\libm.a(floatsisf.o)
 .text          0x0000000000000000        0x0 c:/program files/microchip/xc8/v2.32/avr/bin/../lib/gcc/avr/5.4.0/../../../../avr/lib/avr5/memx-const\libm.a(fp_inf.o)
 .data          0x0000000000000000        0x0 c:/program files/microchip/xc8/v2.32/avr/bin/../lib/gcc/avr/5.4.0/../../../../avr/lib/avr5/memx-const\libm.a(fp_inf.o)
 .bss           0x0000000000000000        0x0 c:/program files/microchip/xc8/v2.32/avr/bin/../lib/gcc/avr/5.4.0/../../../../avr/lib/avr5/memx-const\libm.a(fp_inf.o)
 .stack.descriptors
                0x0000000000000000       0x16 c:/program files/microchip/xc8/v2.32/avr/bin/../lib/gcc/avr/5.4.0/../../../../avr/lib/avr5/memx-const\libm.a(fp_inf.o)
 .text          0x0000000000000000        0x0 c:/program files/microchip/xc8/v2.32/avr/bin/../lib/gcc/avr/5.4.0/../../../../avr/lib/avr5/memx-const\libm.a(fp_nan.o)
 .data          0x0000000000000000        0x0 c:/program files/microchip/xc8/v2.32/avr/bin/../lib/gcc/avr/5.4.0/../../../../avr/lib/avr5/memx-const\libm.a(fp_nan.o)
 .bss           0x0000000000000000        0x0 c:/program files/microchip/xc8/v2.32/avr/bin/../lib/gcc/avr/5.4.0/../../../../avr/lib/avr5/memx-const\libm.a(fp_nan.o)
 .stack.descriptors
                0x0000000000000000       0x16 c:/program files/microchip/xc8/v2.32/avr/bin/../lib/gcc/avr/5.4.0/../../../../avr/lib/avr5/memx-const\libm.a(fp_nan.o)
 .text          0x0000000000000000        0x0 c:/program files/microchip/xc8/v2.32/avr/bin/../lib/gcc/avr/5.4.0/../../../../avr/lib/avr5/memx-const\libm.a(fp_pscA.o)
 .data          0x0000000000000000        0x0 c:/program files/microchip/xc8/v2.32/avr/bin/../lib/gcc/avr/5.4.0/../../../../avr/lib/avr5/memx-const\libm.a(fp_pscA.o)
 .bss           0x0000000000000000        0x0 c:/program files/microchip/xc8/v2.32/avr/bin/../lib/gcc/avr/5.4.0/../../../../avr/lib/avr5/memx-const\libm.a(fp_pscA.o)
 .stack.descriptors
                0x0000000000000000       0x17 c:/program files/microchip/xc8/v2.32/avr/bin/../lib/gcc/avr/5.4.0/../../../../avr/lib/avr5/memx-const\libm.a(fp_pscA.o)
 .text          0x0000000000000000        0x0 c:/program files/microchip/xc8/v2.32/avr/bin/../lib/gcc/avr/5.4.0/../../../../avr/lib/avr5/memx-const\libm.a(fp_pscB.o)
 .data          0x0000000000000000        0x0 c:/program files/microchip/xc8/v2.32/avr/bin/../lib/gcc/avr/5.4.0/../../../../avr/lib/avr5/memx-const\libm.a(fp_pscB.o)
 .bss           0x0000000000000000        0x0 c:/program files/microchip/xc8/v2.32/avr/bin/../lib/gcc/avr/5.4.0/../../../../avr/lib/avr5/memx-const\libm.a(fp_pscB.o)
 .stack.descriptors
                0x0000000000000000       0x17 c:/program files/microchip/xc8/v2.32/avr/bin/../lib/gcc/avr/5.4.0/../../../../avr/lib/avr5/memx-const\libm.a(fp_pscB.o)
 .text          0x0000000000000000        0x0 c:/program files/microchip/xc8/v2.32/avr/bin/../lib/gcc/avr/5.4.0/../../../../avr/lib/avr5/memx-const\libm.a(fp_round.o)
 .data          0x0000000000000000        0x0 c:/program files/microchip/xc8/v2.32/avr/bin/../lib/gcc/avr/5.4.0/../../../../avr/lib/avr5/memx-const\libm.a(fp_round.o)
 .bss           0x0000000000000000        0x0 c:/program files/microchip/xc8/v2.32/avr/bin/../lib/gcc/avr/5.4.0/../../../../avr/lib/avr5/memx-const\libm.a(fp_round.o)
 .stack.descriptors
                0x0000000000000000       0x18 c:/program files/microchip/xc8/v2.32/avr/bin/../lib/gcc/avr/5.4.0/../../../../avr/lib/avr5/memx-const\libm.a(fp_round.o)
 .text          0x0000000000000000        0x0 c:/program files/microchip/xc8/v2.32/avr/bin/../lib/gcc/avr/5.4.0/../../../../avr/lib/avr5/memx-const\libm.a(fp_split3.o)
 .data          0x0000000000000000        0x0 c:/program files/microchip/xc8/v2.32/avr/bin/../lib/gcc/avr/5.4.0/../../../../avr/lib/avr5/memx-const\libm.a(fp_split3.o)
 .bss           0x0000000000000000        0x0 c:/program files/microchip/xc8/v2.32/avr/bin/../lib/gcc/avr/5.4.0/../../../../avr/lib/avr5/memx-const\libm.a(fp_split3.o)
 .stack.descriptors
                0x0000000000000000       0x32 c:/program files/microchip/xc8/v2.32/avr/bin/../lib/gcc/avr/5.4.0/../../../../avr/lib/avr5/memx-const\libm.a(fp_split3.o)
 .text          0x0000000000000000        0x0 c:/program files/microchip/xc8/v2.32/avr/bin/../lib/gcc/avr/5.4.0/../../../../avr/lib/avr5/memx-const\libm.a(fp_zero.o)
 .data          0x0000000000000000        0x0 c:/program files/microchip/xc8/v2.32/avr/bin/../lib/gcc/avr/5.4.0/../../../../avr/lib/avr5/memx-const\libm.a(fp_zero.o)
 .bss           0x0000000000000000        0x0 c:/program files/microchip/xc8/v2.32/avr/bin/../lib/gcc/avr/5.4.0/../../../../avr/lib/avr5/memx-const\libm.a(fp_zero.o)
 .stack.descriptors
                0x0000000000000000       0x2f c:/program files/microchip/xc8/v2.32/avr/bin/../lib/gcc/avr/5.4.0/../../../../avr/lib/avr5/memx-const\libm.a(fp_zero.o)
 .text          0x0000000000000000        0x0 c:/program files/microchip/xc8/v2.32/avr/bin/../lib/gcc/avr/5.4.0/../../../../avr/lib/avr5/memx-const\libm.a(mulsf3.o)
 .data          0x0000000000000000        0x0 c:/program files/microchip/xc8/v2.32/avr/bin/../lib/gcc/avr/5.4.0/../../../../avr/lib/avr5/memx-const\libm.a(mulsf3.o)
 .bss           0x0000000000000000        0x0 c:/program files/microchip/xc8/v2.32/avr/bin/../lib/gcc/avr/5.4.0/../../../../avr/lib/avr5/memx-const\libm.a(mulsf3.o)
 .text.avrlibc.fplib
                0x0000000000000000        0x8 c:/program files/microchip/xc8/v2.32/avr/bin/../lib/gcc/avr/5.4.0/../../../../avr/lib/avr5/memx-const\libm.a(mulsf3.o)
 .stack.descriptors.hdr
                0x0000000000000000        0xe c:/program files/microchip/xc8/v2.32/avr/bin/../lib/gcc/avr/5.4.0/../../../../avr/lib/avr5/memx-const\libm.a(mulsf3.o)
 .stack.descriptors
                0x0000000000000000       0x16 c:/program files/microchip/xc8/v2.32/avr/bin/../lib/gcc/avr/5.4.0/../../../../avr/lib/avr5/memx-const\libm.a(mulsf3.o)
 .text          0x0000000000000000        0x0 c:/program files/microchip/xc8/v2.32/avr/bin/../lib/gcc/avr/5.4.0/../../../../avr/lib/avr5/memx-const\libm.a(mulsf3x.o)
 .data          0x0000000000000000        0x0 c:/program files/microchip/xc8/v2.32/avr/bin/../lib/gcc/avr/5.4.0/../../../../avr/lib/avr5/memx-const\libm.a(mulsf3x.o)
 .bss           0x0000000000000000        0x0 c:/program files/microchip/xc8/v2.32/avr/bin/../lib/gcc/avr/5.4.0/../../../../avr/lib/avr5/memx-const\libm.a(mulsf3x.o)
 .text.avrlibc.fplib
                0x0000000000000000       0xd4 c:/program files/microchip/xc8/v2.32/avr/bin/../lib/gcc/avr/5.4.0/../../../../avr/lib/avr5/memx-const\libm.a(mulsf3x.o)
 .stack.descriptors.hdr
                0x0000000000000000        0xe c:/program files/microchip/xc8/v2.32/avr/bin/../lib/gcc/avr/5.4.0/../../../../avr/lib/avr5/memx-const\libm.a(mulsf3x.o)
 .stack.descriptors
                0x0000000000000000       0x31 c:/program files/microchip/xc8/v2.32/avr/bin/../lib/gcc/avr/5.4.0/../../../../avr/lib/avr5/memx-const\libm.a(mulsf3x.o)
 .text          0x0000000000000000        0x0 c:/program files/microchip/xc8/v2.32/avr/bin/../lib/gcc/avr/5.4.0/avr5/memx-const\libgcc.a(_exit.o)
 .data          0x0000000000000000        0x0 c:/program files/microchip/xc8/v2.32/avr/bin/../lib/gcc/avr/5.4.0/avr5/memx-const\libgcc.a(_exit.o)
 .bss           0x0000000000000000        0x0 c:/program files/microchip/xc8/v2.32/avr/bin/../lib/gcc/avr/5.4.0/avr5/memx-const\libgcc.a(_exit.o)
 .text.libgcc.mul
                0x0000000000000000        0x0 c:/program files/microchip/xc8/v2.32/avr/bin/../lib/gcc/avr/5.4.0/avr5/memx-const\libgcc.a(_exit.o)
 .text.libgcc.div
                0x0000000000000000        0x0 c:/program files/microchip/xc8/v2.32/avr/bin/../lib/gcc/avr/5.4.0/avr5/memx-const\libgcc.a(_exit.o)
 .text.libgcc   0x0000000000000000        0x0 c:/program files/microchip/xc8/v2.32/avr/bin/../lib/gcc/avr/5.4.0/avr5/memx-const\libgcc.a(_exit.o)
 .text.libgcc.prologue
                0x0000000000000000        0x0 c:/program files/microchip/xc8/v2.32/avr/bin/../lib/gcc/avr/5.4.0/avr5/memx-const\libgcc.a(_exit.o)
 .stack.descriptors
                0x0000000000000000       0x13 c:/program files/microchip/xc8/v2.32/avr/bin/../lib/gcc/avr/5.4.0/avr5/memx-const\libgcc.a(_exit.o)
 .text.libgcc.builtins
                0x0000000000000000        0x0 c:/program files/microchip/xc8/v2.32/avr/bin/../lib/gcc/avr/5.4.0/avr5/memx-const\libgcc.a(_exit.o)
 .text.libgcc.fmul
                0x0000000000000000        0x0 c:/program files/microchip/xc8/v2.32/avr/bin/../lib/gcc/avr/5.4.0/avr5/memx-const\libgcc.a(_exit.o)
 .text.libgcc.fixed
                0x0000000000000000        0x0 c:/program files/microchip/xc8/v2.32/avr/bin/../lib/gcc/avr/5.4.0/avr5/memx-const\libgcc.a(_exit.o)
 .text          0x0000000000000000        0x0 c:/program files/microchip/xc8/v2.32/avr/bin/../lib/gcc/avr/5.4.0/avr5/memx-const\libgcc.a(_copy_data.o)
 .data          0x0000000000000000        0x0 c:/program files/microchip/xc8/v2.32/avr/bin/../lib/gcc/avr/5.4.0/avr5/memx-const\libgcc.a(_copy_data.o)
 .bss           0x0000000000000000        0x0 c:/program files/microchip/xc8/v2.32/avr/bin/../lib/gcc/avr/5.4.0/avr5/memx-const\libgcc.a(_copy_data.o)
 .text.libgcc.mul
                0x0000000000000000        0x0 c:/program files/microchip/xc8/v2.32/avr/bin/../lib/gcc/avr/5.4.0/avr5/memx-const\libgcc.a(_copy_data.o)
 .text.libgcc.div
                0x0000000000000000        0x0 c:/program files/microchip/xc8/v2.32/avr/bin/../lib/gcc/avr/5.4.0/avr5/memx-const\libgcc.a(_copy_data.o)
 .text.libgcc   0x0000000000000000        0x0 c:/program files/microchip/xc8/v2.32/avr/bin/../lib/gcc/avr/5.4.0/avr5/memx-const\libgcc.a(_copy_data.o)
 .text.libgcc.prologue
                0x0000000000000000        0x0 c:/program files/microchip/xc8/v2.32/avr/bin/../lib/gcc/avr/5.4.0/avr5/memx-const\libgcc.a(_copy_data.o)
 .text.libgcc.builtins
                0x0000000000000000        0x0 c:/program files/microchip/xc8/v2.32/avr/bin/../lib/gcc/avr/5.4.0/avr5/memx-const\libgcc.a(_copy_data.o)
 .text.libgcc.fmul
                0x0000000000000000        0x0 c:/program files/microchip/xc8/v2.32/avr/bin/../lib/gcc/avr/5.4.0/avr5/memx-const\libgcc.a(_copy_data.o)
 .text.libgcc.fixed
                0x0000000000000000        0x0 c:/program files/microchip/xc8/v2.32/avr/bin/../lib/gcc/avr/5.4.0/avr5/memx-const\libgcc.a(_copy_data.o)
 .text          0x0000000000000000        0x0 c:/program files/microchip/xc8/v2.32/avr/bin/../lib/gcc/avr/5.4.0/../../../../avr/lib/avr5/memx-const\libc.a(ltoa_ncheck.o)
 .data          0x0000000000000000        0x0 c:/program files/microchip/xc8/v2.32/avr/bin/../lib/gcc/avr/5.4.0/../../../../avr/lib/avr5/memx-const\libc.a(ltoa_ncheck.o)
 .bss           0x0000000000000000        0x0 c:/program files/microchip/xc8/v2.32/avr/bin/../lib/gcc/avr/5.4.0/../../../../avr/lib/avr5/memx-const\libc.a(ltoa_ncheck.o)
 .text.avrlibc  0x0000000000000000       0x1e c:/program files/microchip/xc8/v2.32/avr/bin/../lib/gcc/avr/5.4.0/../../../../avr/lib/avr5/memx-const\libc.a(ltoa_ncheck.o)
 .stack.descriptors.hdr
                0x0000000000000000        0xe c:/program files/microchip/xc8/v2.32/avr/bin/../lib/gcc/avr/5.4.0/../../../../avr/lib/avr5/memx-const\libc.a(ltoa_ncheck.o)
 .stack.descriptors
                0x0000000000000000       0x1b c:/program files/microchip/xc8/v2.32/avr/bin/../lib/gcc/avr/5.4.0/../../../../avr/lib/avr5/memx-const\libc.a(ltoa_ncheck.o)
 .text          0x0000000000000000        0x0 c:/program files/microchip/xc8/v2.32/avr/bin/../lib/gcc/avr/5.4.0/../../../../avr/lib/avr5/memx-const\libc.a(ultoa_ncheck.o)
 .data          0x0000000000000000        0x0 c:/program files/microchip/xc8/v2.32/avr/bin/../lib/gcc/avr/5.4.0/../../../../avr/lib/avr5/memx-const\libc.a(ultoa_ncheck.o)
 .bss           0x0000000000000000        0x0 c:/program files/microchip/xc8/v2.32/avr/bin/../lib/gcc/avr/5.4.0/../../../../avr/lib/avr5/memx-const\libc.a(ultoa_ncheck.o)
 .text.avrlibc  0x0000000000000000       0x44 c:/program files/microchip/xc8/v2.32/avr/bin/../lib/gcc/avr/5.4.0/../../../../avr/lib/avr5/memx-const\libc.a(ultoa_ncheck.o)
 .stack.descriptors.hdr
                0x0000000000000000        0xe c:/program files/microchip/xc8/v2.32/avr/bin/../lib/gcc/avr/5.4.0/../../../../avr/lib/avr5/memx-const\libc.a(ultoa_ncheck.o)
 .stack.descriptors
                0x0000000000000000       0x38 c:/program files/microchip/xc8/v2.32/avr/bin/../lib/gcc/avr/5.4.0/../../../../avr/lib/avr5/memx-const\libc.a(ultoa_ncheck.o)
 .text          0x0000000000000000        0x0 c:/program files/microchip/xc8/v2.32/avr/bin/../lib/gcc/avr/5.4.0/../../../../avr/lib/avr5/memx-const\libc.a(strrev.o)
 .data          0x0000000000000000        0x0 c:/program files/microchip/xc8/v2.32/avr/bin/../lib/gcc/avr/5.4.0/../../../../avr/lib/avr5/memx-const\libc.a(strrev.o)
 .bss           0x0000000000000000        0x0 c:/program files/microchip/xc8/v2.32/avr/bin/../lib/gcc/avr/5.4.0/../../../../avr/lib/avr5/memx-const\libc.a(strrev.o)
 .text.avrlibc  0x0000000000000000       0x20 c:/program files/microchip/xc8/v2.32/avr/bin/../lib/gcc/avr/5.4.0/../../../../avr/lib/avr5/memx-const\libc.a(strrev.o)
 .stack.descriptors.hdr
                0x0000000000000000        0xe c:/program files/microchip/xc8/v2.32/avr/bin/../lib/gcc/avr/5.4.0/../../../../avr/lib/avr5/memx-const\libc.a(strrev.o)
 .stack.descriptors
                0x0000000000000000       0x14 c:/program files/microchip/xc8/v2.32/avr/bin/../lib/gcc/avr/5.4.0/../../../../avr/lib/avr5/memx-const\libc.a(strrev.o)

Memory Configuration

Name             Origin             Length             Attributes
text             0x0000000000000000 0x0000000000008000 xr
data             0x0000000000800060 0x0000000000000800 rw !x
eeprom           0x0000000000810000 0x0000000000000400 rw !x
fuse             0x0000000000820000 0x0000000000000002 rw !x
lock             0x0000000000830000 0x0000000000000400 rw !x
signature        0x0000000000840000 0x0000000000000400 rw !x
user_signatures  0x0000000000850000 0x0000000000000400 rw !x
*default*        0x0000000000000000 0xffffffffffffffff

Linker script and memory map

LOAD C:/Program Files/Microchip/MPLABX/v5.50/packs/Microchip/ATmega_DFP/2.3.126/xc8/avr/lib/avr5/memx-const/crtatmega32a.o
                0x0000000000000001                __MPLAB_BUILD = 0x1
LOAD build/default/production/main.o
LOAD build/default/production/DIO.o
LOAD build/default/production/leds.o
LOAD build/default/production/buttons.o
LOAD build/default/production/keypad.o
LOAD build/default/production/kit_keypad.o
LOAD build/default/production/_7seg.o
LOAD build/default/production/mlcd8.o
LOAD build/default/production/mlcd4.o
LOAD build/default/production/ADC.o
LOAD build/default/production/lm35.o
LOAD build/default/production/TIMER0.o
LOAD build/default/production/EXT_INT.o
LOAD build/default/production/TIMER2.o
LOAD build/default/production/TIMER1.o
LOAD build/default/production/UART.o
START GROUP
LOAD c:/program files/microchip/xc8/v2.32/avr/bin/../lib/gcc/avr/5.4.0/../../../../avr/lib/avr5/memx-const\libm.a
END GROUP
START GROUP
LOAD c:/program files/microchip/xc8/v2.32/avr/bin/../lib/gcc/avr/5.4.0/avr5/memx-const\libgcc.a
LOAD c:/program files/microchip/xc8/v2.32/avr/bin/../lib/gcc/avr/5.4.0/../../../../avr/lib/avr5/memx-const\libm.a
LOAD c:/program files/microchip/xc8/v2.32/avr/bin/../lib/gcc/avr/5.4.0/../../../../avr/lib/avr5/memx-const\libc.a
LOAD C:/Program Files/Microchip/MPLABX/v5.50/packs/Microchip/ATmega_DFP/2.3.126/xc8/avr/lib/avr5/memx-const\libatmega32a.a
END GROUP
                [0x0000000000000000]                __TEXT_REGION_ORIGIN__ = DEFINED (__TEXT_REGION_ORIGIN__)?__TEXT_REGION_ORIGIN__:0x0
                [0x0000000000800060]                __DATA_REGION_ORIGIN__ = DEFINED (__DATA_REGION_ORIGIN__)?__DATA_REGION_ORIGIN__:0x800060
                [0x0000000000008000]                __TEXT_REGION_LENGTH__ = DEFINED (__TEXT_REGION_LENGTH__)?__TEXT_REGION_LENGTH__:0x20000
                [0x0000000000000800]                __DATA_REGION_LENGTH__ = DEFINED (__DATA_REGION_LENGTH__)?__DATA_REGION_LENGTH__:0xffa0
                [0x0000000000000400]                __EEPROM_REGION_LENGTH__ = DEFINED (__EEPROM_REGION_LENGTH__)?__EEPROM_REGION_LENGTH__:0x10000
                [0x0000000000000002]                __FUSE_REGION_LENGTH__ = DEFINED (__FUSE_REGION_LENGTH__)?__FUSE_REGION_LENGTH__:0x400
                0x0000000000000400                __LOCK_REGION_LENGTH__ = DEFINED (__LOCK_REGION_LENGTH__)?__LOCK_REGION_LENGTH__:0x400
                0x0000000000000400                __SIGNATURE_REGION_LENGTH__ = DEFINED (__SIGNATURE_REGION_LENGTH__)?__SIGNATURE_REGION_LENGTH__:0x400
                0x0000000000000400                __USER_SIGNATURE_REGION_LENGTH__ = DEFINED (__USER_SIGNATURE_REGION_LENGTH__)?__USER_SIGNATURE_REGION_LENGTH__:0x400

.hash
 *(.hash)

.dynsym
 *(.dynsym)

.dynstr
 *(.dynstr)

.gnu.version
 *(.gnu.version)

.gnu.version_d
 *(.gnu.version_d)

.gnu.version_r
 *(.gnu.version_r)

.rel.init
 *(.rel.init)

.rela.init
 *(.rela.init)

.rel.text
 *(.rel.text)
 *(.rel.text.*)
 *(.rel.gnu.linkonce.t*)

.rela.text
 *(.rela.text)
 *(.rela.text.*)
 *(.rela.gnu.linkonce.t*)

.rel.fini
 *(.rel.fini)

.rela.fini
 *(.rela.fini)

.rel.rodata
 *(.rel.rodata)
 *(.rel.rodata.*)
 *(.rel.gnu.linkonce.r*)

.rela.rodata
 *(.rela.rodata)
 *(.rela.rodata.*)
 *(.rela.gnu.linkonce.r*)

.rel.data
 *(.rel.data)
 *(.rel.data.*)
 *(.rel.gnu.linkonce.d*)

.rela.data
 *(.rela.data)
 *(.rela.data.*)
 *(.rela.gnu.linkonce.d*)

.rel.ctors
 *(.rel.ctors)

.rela.ctors
 *(.rela.ctors)

.rel.dtors
 *(.rel.dtors)

.rela.dtors
 *(.rela.dtors)

.rel.got
 *(.rel.got)

.rela.got
 *(.rela.got)

.rel.bss
 *(.rel.bss)

.rela.bss
 *(.rela.bss)

.rel.plt
 *(.rel.plt)

.rela.plt
 *(.rela.plt)

.text           0x0000000000000000       0xa8
 *(.vectors)
 .vectors       0x0000000000000000       0x54 C:/Program Files/Microchip/MPLABX/v5.50/packs/Microchip/ATmega_DFP/2.3.126/xc8/avr/lib/avr5/memx-const/crtatmega32a.o
                0x0000000000000000                __vector_default
                0x0000000000000000                __vectors
 *(.vectors)
 *(.progmem.gcc*)
 *(.dinit)
 .dinit         0x0000000000000054        0x0 data_init
                0x0000000000000054                . = ALIGN (0x2)
                0x0000000000000054                __trampolines_start = .
 *(.trampolines)
 .trampolines   0x0000000000000054        0x0 linker stubs
 *(.trampolines*)
                0x0000000000000054                __trampolines_end = .
 *libprintf_flt.a:*(.progmem.data)
 *libc.a:*(.progmem.data)
                0x0000000000000054                . = ALIGN (0x2)
 *(.jumptables)
 *(.jumptables*)
 *(.lowtext)
 *(.lowtext*)
                0x0000000000000054                __ctors_start = .
 *(.ctors)
                0x0000000000000054                __ctors_end = .
                0x0000000000000054                __dtors_start = .
 *(.dtors)
                0x0000000000000054                __dtors_end = .
 SORT(*)(.ctors)
 SORT(*)(.dtors)
 *(.init0)
 .init0         0x0000000000000054        0x0 C:/Program Files/Microchip/MPLABX/v5.50/packs/Microchip/ATmega_DFP/2.3.126/xc8/avr/lib/avr5/memx-const/crtatmega32a.o
                0x0000000000000054                __init
 *(.init0)
 *(.init1)
 *(.init1)
 *(.init2)
 .init2         0x0000000000000054        0xc C:/Program Files/Microchip/MPLABX/v5.50/packs/Microchip/ATmega_DFP/2.3.126/xc8/avr/lib/avr5/memx-const/crtatmega32a.o
 *(.init2)
 *(.init3)
 *(.init3)
 *(.init4)
 .init4         0x0000000000000060       0x3c c:/program files/microchip/xc8/v2.32/avr/bin/../lib/gcc/avr/5.4.0/avr5/memx-const\libgcc.a(_copy_data.o)
                0x0000000000000060                __do_copy_data
                0x000000000000008e                __do_clear_bss
 *(.init4)
 *(.init5)
 *(.init5)
 *(.init6)
 *(.init6)
 *(.init7)
 *(.init7)
 *(.init8)
 *(.init8)
 *(.init9)
 .init9         0x000000000000009c        0x8 C:/Program Files/Microchip/MPLABX/v5.50/packs/Microchip/ATmega_DFP/2.3.126/xc8/avr/lib/avr5/memx-const/crtatmega32a.o
 *(.init9)
                0x00000000000000a4                . = ALIGN (0x2)
 *(.fini9)
 .fini9         0x00000000000000a4        0x0 c:/program files/microchip/xc8/v2.32/avr/bin/../lib/gcc/avr/5.4.0/avr5/memx-const\libgcc.a(_exit.o)
                0x00000000000000a4                _exit
                0x00000000000000a4                exit
 *(.fini9)
 *(.fini8)
 *(.fini8)
 *(.fini7)
 *(.fini7)
 *(.fini6)
 *(.fini6)
 *(.fini5)
 *(.fini5)
 *(.fini4)
 *(.fini4)
 *(.fini3)
 *(.fini3)
 *(.fini2)
 *(.fini2)
 *(.fini1)
 *(.fini1)
 *(.fini0)
 .fini0         0x00000000000000a4        0x4 c:/program files/microchip/xc8/v2.32/avr/bin/../lib/gcc/avr/5.4.0/avr5/memx-const\libgcc.a(_exit.o)
 *(.fini0)
                0x00000000000000a8                _etext = .

.data           0x0000000000800060        0x0 load address 0x00000000000000a8
                [!provide]                        PROVIDE (__data_start, .)
 *(.gnu.linkonce.d*)
 *(.gnu.linkonce.r*)
                0x0000000000800060                . = ALIGN (0x2)
                0x0000000000800060                _edata = .
                [!provide]                        PROVIDE (__data_end, .)

.bss            0x0000000000800060        0x0
                [!provide]                        PROVIDE (__bss_start, .)
 *(COMMON)
                [!provide]                        PROVIDE (__bss_end, .)
                0x00000000000000a8                __data_load_start = LOADADDR (.data)
                0x00000000000000a8                __data_load_end = (__data_load_start + SIZEOF (.data))

.noinit         0x0000000000800060        0x0
                [!provide]                        PROVIDE (__noinit_start, .)
 *(.noinit*)
                [!provide]                        PROVIDE (__noinit_end, .)
                0x0000000000800060                _end = .

.eeprom         0x0000000000810000        0x0
 *(.eeprom*)
                0x0000000000810000                __eeprom_end = .

.fuse
 *(.fuse)
 *(.lfuse)
 *(.hfuse)
 *(.efuse)

.lock
 *(.lock*)

.signature
 *(.signature*)

.user_signatures
 *(.user_signatures*)

.stab
 *(.stab)

.stabstr
 *(.stabstr)

.stab.excl
 *(.stab.excl)

.stab.exclstr
 *(.stab.exclstr)

.stab.index
 *(.stab.index)

.stab.indexstr
 *(.stab.indexstr)

.comment        0x0000000000000000       0x2f
 *(.comment)
 .comment       0x0000000000000000       0x2f build/default/production/main.o
                                         0x30 (size before relaxing)
 .comment       0x000000000000002f       0x30 build/default/production/DIO.o
 .comment       0x000000000000002f       0x30 build/default/production/leds.o
 .comment       0x000000000000002f       0x30 build/default/production/buttons.o
 .comment       0x000000000000002f       0x30 build/default/production/mlcd4.o
 .comment       0x000000000000002f       0x30 build/default/production/UART.o

.stack.descriptors.hdr
                0x0000000000000000       0xd2
 .stack.descriptors.hdr
                0x0000000000000000        0xe c:/program files/microchip/xc8/v2.32/avr/bin/../lib/gcc/avr/5.4.0/../../../../avr/lib/avr5/memx-const\libm.a(addsf3.o)
 .stack.descriptors.hdr
                0x000000000000000e        0xe c:/program files/microchip/xc8/v2.32/avr/bin/../lib/gcc/avr/5.4.0/../../../../avr/lib/avr5/memx-const\libm.a(addsf3x.o)
 .stack.descriptors.hdr
                0x000000000000001c        0xe c:/program files/microchip/xc8/v2.32/avr/bin/../lib/gcc/avr/5.4.0/../../../../avr/lib/avr5/memx-const\libm.a(divsf3.o)
 .stack.descriptors.hdr
                0x000000000000002a        0xe c:/program files/microchip/xc8/v2.32/avr/bin/../lib/gcc/avr/5.4.0/../../../../avr/lib/avr5/memx-const\libm.a(divsf3x.o)
 .stack.descriptors.hdr
                0x0000000000000038        0xe c:/program files/microchip/xc8/v2.32/avr/bin/../lib/gcc/avr/5.4.0/../../../../avr/lib/avr5/memx-const\libm.a(fixsfsi.o)
 .stack.descriptors.hdr
                0x0000000000000046        0xe c:/program files/microchip/xc8/v2.32/avr/bin/../lib/gcc/avr/5.4.0/../../../../avr/lib/avr5/memx-const\libm.a(fixunssfsi.o)
 .stack.descriptors.hdr
                0x0000000000000054        0xe c:/program files/microchip/xc8/v2.32/avr/bin/../lib/gcc/avr/5.4.0/../../../../avr/lib/avr5/memx-const\libm.a(floatsisf.o)
 .stack.descriptors.hdr
                0x0000000000000062        0xe c:/program files/microchip/xc8/v2.32/avr/bin/../lib/gcc/avr/5.4.0/../../../../avr/lib/avr5/memx-const\libm.a(fp_inf.o)
 .stack.descriptors.hdr
                0x0000000000000070        0xe c:/program files/microchip/xc8/v2.32/avr/bin/../lib/gcc/avr/5.4.0/../../../../avr/lib/avr5/memx-const\libm.a(fp_nan.o)
 .stack.descriptors.hdr
                0x000000000000007e        0xe c:/program files/microchip/xc8/v2.32/avr/bin/../lib/gcc/avr/5.4.0/../../../../avr/lib/avr5/memx-const\libm.a(fp_pscA.o)
 .stack.descriptors.hdr
                0x000000000000008c        0xe c:/program files/microchip/xc8/v2.32/avr/bin/../lib/gcc/avr/5.4.0/../../../../avr/lib/avr5/memx-const\libm.a(fp_pscB.o)
 .stack.descriptors.hdr
                0x000000000000009a        0xe c:/program files/microchip/xc8/v2.32/avr/bin/../lib/gcc/avr/5.4.0/../../../../avr/lib/avr5/memx-const\libm.a(fp_round.o)
 .stack.descriptors.hdr
                0x00000000000000a8        0xe c:/program files/microchip/xc8/v2.32/avr/bin/../lib/gcc/avr/5.4.0/../../../../avr/lib/avr5/memx-const\libm.a(fp_split3.o)
 .stack.descriptors.hdr
                0x00000000000000b6        0xe c:/program files/microchip/xc8/v2.32/avr/bin/../lib/gcc/avr/5.4.0/../../../../avr/lib/avr5/memx-const\libm.a(fp_zero.o)
 .stack.descriptors.hdr
                0x00000000000000c4        0xe c:/program files/microchip/xc8/v2.32/avr/bin/../lib/gcc/avr/5.4.0/avr5/memx-const\libgcc.a(_exit.o)

.note.gnu.build-id
 *(.note.gnu.build-id)

.debug
 *(.debug)

.line
 *(.line)

.debug_srcinfo
 *(.debug_srcinfo)

.debug_sfnames
 *(.debug_sfnames)

.debug_aranges  0x0000000000000000      0x238
 *(.debug_aranges)
 .debug_aranges
                0x0000000000000000       0x28 build/default/production/main.o
 .debug_aranges
                0x0000000000000028      0x118 build/default/production/DIO.o
 .debug_aranges
                0x0000000000000140       0x50 build/default/production/leds.o
 .debug_aranges
                0x0000000000000190       0x28 build/default/production/buttons.o
 .debug_aranges
                0x00000000000001b8       0x50 build/default/production/mlcd4.o
 .debug_aranges
                0x0000000000000208       0x30 build/default/production/UART.o

.debug_pubnames
 *(.debug_pubnames)

.debug_info     0x0000000000000000     0x216b
 *(.debug_info .gnu.linkonce.wi.*)
 .debug_info    0x0000000000000000      0x4e6 C:/Program Files/Microchip/MPLABX/v5.50/packs/Microchip/ATmega_DFP/2.3.126/xc8/avr/lib/avr5/memx-const/crtatmega32a.o
 .debug_info    0x00000000000004e6      0x43d build/default/production/main.o
 .debug_info    0x0000000000000923      0x7e5 build/default/production/DIO.o
 .debug_info    0x0000000000001108      0x5b7 build/default/production/leds.o
 .debug_info    0x00000000000016bf      0x22f build/default/production/buttons.o
 .debug_info    0x00000000000018ee      0x5c7 build/default/production/mlcd4.o
 .debug_info    0x0000000000001eb5      0x2b6 build/default/production/UART.o

.debug_abbrev   0x0000000000000000      0xb0e
 *(.debug_abbrev)
 .debug_abbrev  0x0000000000000000      0x4a3 C:/Program Files/Microchip/MPLABX/v5.50/packs/Microchip/ATmega_DFP/2.3.126/xc8/avr/lib/avr5/memx-const/crtatmega32a.o
 .debug_abbrev  0x00000000000004a3      0x138 build/default/production/main.o
 .debug_abbrev  0x00000000000005db      0x132 build/default/production/DIO.o
 .debug_abbrev  0x000000000000070d      0x105 build/default/production/leds.o
 .debug_abbrev  0x0000000000000812       0x9a build/default/production/buttons.o
 .debug_abbrev  0x00000000000008ac      0x1bb build/default/production/mlcd4.o
 .debug_abbrev  0x0000000000000a67       0xa7 build/default/production/UART.o

.debug_line     0x0000000000000000      0xbd4
 *(.debug_line .debug_line.* .debug_line_end)
 .debug_line    0x0000000000000000      0x119 C:/Program Files/Microchip/MPLABX/v5.50/packs/Microchip/ATmega_DFP/2.3.126/xc8/avr/lib/avr5/memx-const/crtatmega32a.o
 .debug_line    0x0000000000000119      0x171 build/default/production/main.o
 .debug_line    0x000000000000028a      0x47b build/default/production/DIO.o
 .debug_line    0x0000000000000705      0x18e build/default/production/leds.o
 .debug_line    0x0000000000000893       0x66 build/default/production/buttons.o
 .debug_line    0x00000000000008f9      0x1fe build/default/production/mlcd4.o
 .debug_line    0x0000000000000af7       0xdd build/default/production/UART.o

.debug_frame    0x0000000000000000      0x440
 *(.debug_frame)
 .debug_frame   0x0000000000000000       0x80 build/default/production/main.o
 .debug_frame   0x0000000000000080      0x214 build/default/production/DIO.o
 .debug_frame   0x0000000000000294       0x84 build/default/production/leds.o
 .debug_frame   0x0000000000000318       0x34 build/default/production/buttons.o
 .debug_frame   0x000000000000034c       0xb0 build/default/production/mlcd4.o
 .debug_frame   0x00000000000003fc       0x44 build/default/production/UART.o

.debug_str      0x0000000000000000      0x283
 *(.debug_str)
 .debug_str     0x0000000000000000      0x196 C:/Program Files/Microchip/MPLABX/v5.50/packs/Microchip/ATmega_DFP/2.3.126/xc8/avr/lib/avr5/memx-const/crtatmega32a.o
 .debug_str     0x0000000000000196       0x55 build/default/production/main.o
 .debug_str     0x00000000000001eb       0x28 build/default/production/DIO.o
 .debug_str     0x0000000000000213       0x4c build/default/production/leds.o
 .debug_str     0x000000000000025f       0x16 build/default/production/buttons.o
 .debug_str     0x0000000000000275        0xe build/default/production/mlcd4.o
 .debug_str     0x0000000000000283        0x0 build/default/production/UART.o

.debug_loc      0x0000000000000000      0x926
 *(.debug_loc)
 .debug_loc     0x0000000000000000       0x13 build/default/production/main.o
 .debug_loc     0x0000000000000013      0x558 build/default/production/DIO.o
 .debug_loc     0x000000000000056b      0x194 build/default/production/leds.o
 .debug_loc     0x00000000000006ff       0x21 build/default/production/buttons.o
 .debug_loc     0x0000000000000720      0x1d0 build/default/production/mlcd4.o
 .debug_loc     0x00000000000008f0       0x36 build/default/production/UART.o

.debug_macinfo
 *(.debug_macinfo)

.debug_weaknames
 *(.debug_weaknames)

.debug_funcnames
 *(.debug_funcnames)

.debug_typenames
 *(.debug_typenames)

.debug_varnames
 *(.debug_varnames)

.debug_pubtypes
 *(.debug_pubtypes)

.debug_ranges   0x0000000000000000      0x1d8
 *(.debug_ranges)
 .debug_ranges  0x0000000000000000       0x18 build/default/production/main.o
 .debug_ranges  0x0000000000000018      0x108 build/default/production/DIO.o
 .debug_ranges  0x0000000000000120       0x40 build/default/production/leds.o
 .debug_ranges  0x0000000000000160       0x18 build/default/production/buttons.o
 .debug_ranges  0x0000000000000178       0x40 build/default/production/mlcd4.o
 .debug_ranges  0x00000000000001b8       0x20 build/default/production/UART.o

.debug_macro
 *(.debug_macro)
OUTPUT(dist/default/production/Alex60.production.elf elf32-avr)
LOAD linker stubs
LOAD data_init

.note.gnu.avr.deviceinfo
                0x0000000000000000       0x3c
 .note.gnu.avr.deviceinfo
                0x0000000000000000       0x3c C:/Program Files/Microchip/MPLABX/v5.50/packs/Microchip/ATmega_DFP/2.3.126/xc8/avr/lib/avr5/memx-const/crtatmega32a.o

.text.avrlibc.fplib
                0x00000000000000a8       0xde
 .text.avrlibc.fplib
                0x00000000000000a8       0xde c:/program files/microchip/xc8/v2.32/avr/bin/../lib/gcc/avr/5.4.0/../../../../avr/lib/avr5/memx-const\libm.a(divsf3x.o)
                0x00000000000000a8                __divsf3x
                0x00000000000000d0                __divsf3_pse

.text.avrlibc.fplib
                0x0000000000000186       0xce
 .text.avrlibc.fplib
                0x0000000000000186       0xce c:/program files/microchip/xc8/v2.32/avr/bin/../lib/gcc/avr/5.4.0/../../../../avr/lib/avr5/memx-const\libm.a(addsf3x.o)
                0x0000000000000186                __addsf3x

.text.__vector_13
                0x0000000000000254       0x82
 .text.__vector_13
                0x0000000000000254       0x82 build/default/production/main.o
                0x0000000000000254                __vector_13

.text.avrlibc.fplib
                0x00000000000002d6       0x7a
 .text.avrlibc.fplib
                0x00000000000002d6       0x7a c:/program files/microchip/xc8/v2.32/avr/bin/../lib/gcc/avr/5.4.0/../../../../avr/lib/avr5/memx-const\libm.a(floatsisf.o)
                0x00000000000002d6                __floatunsisf
                0x00000000000002da                __floatsisf

.text.avrlibc.fplib
                0x0000000000000350       0x5e
 .text.avrlibc.fplib
                0x0000000000000350       0x5e c:/program files/microchip/xc8/v2.32/avr/bin/../lib/gcc/avr/5.4.0/../../../../avr/lib/avr5/memx-const\libm.a(fixunssfsi.o)
                0x0000000000000350                __fixunssfsi

.text.init_UART
                0x00000000000003ae       0x44
 .text.init_UART
                0x00000000000003ae       0x44 build/default/production/UART.o
                0x00000000000003ae                init_UART

.text.avrlibc.fplib
                0x00000000000003f2       0x44
 .text.avrlibc.fplib
                0x00000000000003f2       0x44 c:/program files/microchip/xc8/v2.32/avr/bin/../lib/gcc/avr/5.4.0/../../../../avr/lib/avr5/memx-const\libm.a(fp_split3.o)
                0x00000000000003f2                __fp_split3
                0x0000000000000402                __fp_splitA

.text.main      0x0000000000000436       0x3e
 .text.main     0x0000000000000436       0x3e build/default/production/main.o
                0x0000000000000436                main

.text.setPINB_DIR
                0x0000000000000474       0x3e
 .text.setPINB_DIR
                0x0000000000000474       0x3e build/default/production/DIO.o
                0x0000000000000474                setPINB_DIR

.text.setPINB   0x00000000000004b2       0x3e
 .text.setPINB  0x00000000000004b2       0x3e build/default/production/DIO.o
                0x00000000000004b2                setPINB

.text.setPINC_DIR
                0x00000000000004f0       0x3e
 .text.setPINC_DIR
                0x00000000000004f0       0x3e build/default/production/DIO.o
                0x00000000000004f0                setPINC_DIR

.text.setPINC   0x000000000000052e       0x3e
 .text.setPINC  0x000000000000052e       0x3e build/default/production/DIO.o
                0x000000000000052e                setPINC

.text.setPIND_DIR
                0x000000000000056c       0x3e
 .text.setPIND_DIR
                0x000000000000056c       0x3e build/default/production/DIO.o
                0x000000000000056c                setPIND_DIR

.text.setPIND   0x00000000000005aa       0x3e
 .text.setPIND  0x00000000000005aa       0x3e build/default/production/DIO.o
                0x00000000000005aa                setPIND

.text.led_on    0x00000000000005e8       0x3e
 .text.led_on   0x00000000000005e8       0x3e build/default/production/leds.o
                0x00000000000005e8                led_on

.text.led_off   0x0000000000000626       0x3e
 .text.led_off  0x0000000000000626       0x3e build/default/production/leds.o
                0x0000000000000626                led_off

.text.LCD4_data
                0x0000000000000664       0x30
 .text.LCD4_data
                0x0000000000000664       0x30 build/default/production/mlcd4.o
                0x0000000000000664                LCD4_data

.text.LCD4_cmd  0x0000000000000694       0x30
 .text.LCD4_cmd
                0x0000000000000694       0x30 build/default/production/mlcd4.o
                0x0000000000000694                LCD4_cmd

.text.init_LCD4
                0x00000000000006c4       0x2c
 .text.init_LCD4
                0x00000000000006c4       0x2c build/default/production/mlcd4.o
                0x00000000000006c4                init_LCD4

.text.init_LEDS
                0x00000000000006f0       0x22
 .text.init_LEDS
                0x00000000000006f0       0x22 build/default/production/leds.o
                0x00000000000006f0                init_LEDS

.text.avrlibc.fplib
                0x0000000000000712       0x22
 .text.avrlibc.fplib
                0x0000000000000712       0x22 c:/program files/microchip/xc8/v2.32/avr/bin/../lib/gcc/avr/5.4.0/../../../../avr/lib/avr5/memx-const\libm.a(fp_round.o)
                0x0000000000000712                __fp_round

.text.led_off_all
                0x0000000000000734       0x1a
 .text.led_off_all
                0x0000000000000734       0x1a build/default/production/leds.o
                0x0000000000000734                led_off_all

.text.checkPINC
                0x000000000000074e       0x16
 .text.checkPINC
                0x000000000000074e       0x16 build/default/production/DIO.o
                0x000000000000074e                checkPINC

.text.init_buttons
                0x0000000000000764       0x12
 .text.init_buttons
                0x0000000000000764       0x12 build/default/production/buttons.o
                0x0000000000000764                init_buttons

.text.LCD4_enable
                0x0000000000000776       0x12
 .text.LCD4_enable
                0x0000000000000776       0x12 build/default/production/mlcd4.o
                0x0000000000000776                LCD4_enable

.text.avrlibc.fplib
                0x0000000000000788        0xe
 .text.avrlibc.fplib
                0x0000000000000788        0xe c:/program files/microchip/xc8/v2.32/avr/bin/../lib/gcc/avr/5.4.0/../../../../avr/lib/avr5/memx-const\libm.a(addsf3.o)
                0x0000000000000788                __subsf3
                0x000000000000078a                __addsf3

.text.avrlibc.fplib
                0x0000000000000796        0xe
 .text.avrlibc.fplib
                0x0000000000000796        0xe c:/program files/microchip/xc8/v2.32/avr/bin/../lib/gcc/avr/5.4.0/../../../../avr/lib/avr5/memx-const\libm.a(fixsfsi.o)
                0x0000000000000796                __fixsfsi

.text.avrlibc.fplib
                0x00000000000007a4        0xe
 .text.avrlibc.fplib
                0x00000000000007a4        0xe c:/program files/microchip/xc8/v2.32/avr/bin/../lib/gcc/avr/5.4.0/../../../../avr/lib/avr5/memx-const\libm.a(fp_pscA.o)
                0x00000000000007a4                __fp_pscA

.text.avrlibc.fplib
                0x00000000000007b2        0xe
 .text.avrlibc.fplib
                0x00000000000007b2        0xe c:/program files/microchip/xc8/v2.32/avr/bin/../lib/gcc/avr/5.4.0/../../../../avr/lib/avr5/memx-const\libm.a(fp_pscB.o)
                0x00000000000007b2                __fp_pscB

.text.avrlibc.fplib
                0x00000000000007c0        0xe
 .text.avrlibc.fplib
                0x00000000000007c0        0xe c:/program files/microchip/xc8/v2.32/avr/bin/../lib/gcc/avr/5.4.0/../../../../avr/lib/avr5/memx-const\libm.a(fp_zero.o)
                0x00000000000007c0                __fp_zero
                0x00000000000007c2                __fp_szero

.text.avrlibc.fplib
                0x00000000000007ce        0xc
 .text.avrlibc.fplib
                0x00000000000007ce        0xc c:/program files/microchip/xc8/v2.32/avr/bin/../lib/gcc/avr/5.4.0/../../../../avr/lib/avr5/memx-const\libm.a(fp_inf.o)
                0x00000000000007ce                __fp_inf

.text.UART_send
                0x00000000000007da        0x8
 .text.UART_send
                0x00000000000007da        0x8 build/default/production/UART.o
                0x00000000000007da                UART_send

.text.avrlibc.fplib
                0x00000000000007e2        0x8
 .text.avrlibc.fplib
                0x00000000000007e2        0x8 c:/program files/microchip/xc8/v2.32/avr/bin/../lib/gcc/avr/5.4.0/../../../../avr/lib/avr5/memx-const\libm.a(divsf3.o)
                0x00000000000007e2                __divsf3

.text.isPressed
                0x00000000000007ea        0x6
 .text.isPressed
                0x00000000000007ea        0x6 build/default/production/buttons.o
                0x00000000000007ea                isPressed

.text.avrlibc.fplib
                0x00000000000007f0        0x6
 .text.avrlibc.fplib
                0x00000000000007f0        0x6 c:/program files/microchip/xc8/v2.32/avr/bin/../lib/gcc/avr/5.4.0/../../../../avr/lib/avr5/memx-const\libm.a(fp_nan.o)
                0x00000000000007f0                __fp_nan

.text           0x00000000000007f6        0x4
 .text          0x00000000000007f6        0x4 C:/Program Files/Microchip/MPLABX/v5.50/packs/Microchip/ATmega_DFP/2.3.126/xc8/avr/lib/avr5/memx-const/crtatmega32a.o
                0x00000000000007f6                __vector_1
                0x00000000000007f6                __vector_12
                0x00000000000007f6                __bad_interrupt
                0x00000000000007f6                __vector_6
                0x00000000000007f6                __vector_3
                0x00000000000007f6                __vector_11
                0x00000000000007f6                __vector_17
                0x00000000000007f6                __vector_19
                0x00000000000007f6                __vector_7
                0x00000000000007f6                __vector_5
                0x00000000000007f6                __vector_4
                0x00000000000007f6                __vector_9
                0x00000000000007f6                __vector_2
                0x00000000000007f6                __vector_15
                0x00000000000007f6                __vector_8
                0x00000000000007f6                __vector_14
                0x00000000000007f6                __vector_10
                0x00000000000007f6                __vector_16
                0x00000000000007f6                __vector_18
                0x00000000000007f6                __vector_20
